Component: ARM Compiler 5.06 update 4 (build 422) Tool: armlink [4d35d2]

==============================================================================

Section Cross References

    startup_stm32f103xb.o(RESET) refers to startup_stm32f103xb.o(STACK) for __initial_sp
    startup_stm32f103xb.o(RESET) refers to startup_stm32f103xb.o(.text) for Reset_Handler
    startup_stm32f103xb.o(RESET) refers to stm32f1xx_it.o(i.NMI_Handler) for NMI_Handler
    startup_stm32f103xb.o(RESET) refers to stm32f1xx_it.o(i.HardFault_Handler) for HardFault_Handler
    startup_stm32f103xb.o(RESET) refers to stm32f1xx_it.o(i.MemManage_Handler) for MemManage_Handler
    startup_stm32f103xb.o(RESET) refers to stm32f1xx_it.o(i.BusFault_Handler) for BusFault_Handler
    startup_stm32f103xb.o(RESET) refers to stm32f1xx_it.o(i.UsageFault_Handler) for UsageFault_Handler
    startup_stm32f103xb.o(RESET) refers to port.o(.emb_text) for SVC_Handler
    startup_stm32f103xb.o(RESET) refers to stm32f1xx_it.o(i.DebugMon_Handler) for DebugMon_Handler
    startup_stm32f103xb.o(RESET) refers to stm32f1xx_it.o(i.SysTick_Handler) for SysTick_Handler
    startup_stm32f103xb.o(RESET) refers to stm32f1xx_it.o(i.TIM3_IRQHandler) for TIM3_IRQHandler
    startup_stm32f103xb.o(.text) refers to system_stm32f1xx.o(i.SystemInit) for SystemInit
    startup_stm32f103xb.o(.text) refers to entry.o(.ARM.Collect$$$$00000000) for __main
    semaphores.o(i.clrSemaphor) refers to cmsis_os.o(i.osSemaphoreWait) for osSemaphoreWait
    semaphores.o(i.getSemaphor) refers to cmsis_os.o(i.osSemaphoreGetCount) for osSemaphoreGetCount
    semaphores.o(i.semInit) refers to semaphores.o(i.clrSemaphor) for clrSemaphor
    semaphores.o(i.semInit) refers to freertos.o(.data) for SemBtnUpHandle
    semaphores.o(i.setSemaphor) refers to cmsis_os.o(i.osSemaphoreRelease) for osSemaphoreRelease
    tsk_btns.o(i.readBtnDown) refers to stm32f1xx_hal_gpio.o(i.HAL_GPIO_ReadPin) for HAL_GPIO_ReadPin
    tsk_btns.o(i.readBtnDown) refers to cmsis_os.o(i.osDelay) for osDelay
    tsk_btns.o(i.readBtnDown) refers to semaphores.o(i.getSemaphor) for getSemaphor
    tsk_btns.o(i.readBtnDown) refers to semaphores.o(i.clrSemaphor) for clrSemaphor
    tsk_btns.o(i.readBtnDown) refers to semaphores.o(i.setSemaphor) for setSemaphor
    tsk_btns.o(i.readBtnDown) refers to tsk_btns.o(.data) for btnDownStateNew
    tsk_btns.o(i.readBtnDown) refers to freertos.o(.data) for SemBtnDownHandle
    tsk_btns.o(i.readBtnEncoder) refers to stm32f1xx_hal_gpio.o(i.HAL_GPIO_ReadPin) for HAL_GPIO_ReadPin
    tsk_btns.o(i.readBtnEncoder) refers to cmsis_os.o(i.osDelay) for osDelay
    tsk_btns.o(i.readBtnEncoder) refers to semaphores.o(i.getSemaphor) for getSemaphor
    tsk_btns.o(i.readBtnEncoder) refers to semaphores.o(i.clrSemaphor) for clrSemaphor
    tsk_btns.o(i.readBtnEncoder) refers to semaphores.o(i.setSemaphor) for setSemaphor
    tsk_btns.o(i.readBtnEncoder) refers to tsk_btns.o(.data) for btnEncoderStateNew
    tsk_btns.o(i.readBtnEncoder) refers to freertos.o(.data) for SemBtnEncodHandle
    tsk_btns.o(i.readBtnLeft) refers to stm32f1xx_hal_gpio.o(i.HAL_GPIO_ReadPin) for HAL_GPIO_ReadPin
    tsk_btns.o(i.readBtnLeft) refers to cmsis_os.o(i.osDelay) for osDelay
    tsk_btns.o(i.readBtnLeft) refers to semaphores.o(i.getSemaphor) for getSemaphor
    tsk_btns.o(i.readBtnLeft) refers to semaphores.o(i.clrSemaphor) for clrSemaphor
    tsk_btns.o(i.readBtnLeft) refers to semaphores.o(i.setSemaphor) for setSemaphor
    tsk_btns.o(i.readBtnLeft) refers to tsk_btns.o(.data) for btnLeftStateNew
    tsk_btns.o(i.readBtnLeft) refers to freertos.o(.data) for SemBtnLeftHandle
    tsk_btns.o(i.readBtnRight) refers to stm32f1xx_hal_gpio.o(i.HAL_GPIO_ReadPin) for HAL_GPIO_ReadPin
    tsk_btns.o(i.readBtnRight) refers to cmsis_os.o(i.osDelay) for osDelay
    tsk_btns.o(i.readBtnRight) refers to semaphores.o(i.getSemaphor) for getSemaphor
    tsk_btns.o(i.readBtnRight) refers to semaphores.o(i.clrSemaphor) for clrSemaphor
    tsk_btns.o(i.readBtnRight) refers to semaphores.o(i.setSemaphor) for setSemaphor
    tsk_btns.o(i.readBtnRight) refers to tsk_btns.o(.data) for btnRightStateNew
    tsk_btns.o(i.readBtnRight) refers to freertos.o(.data) for SemBtnRightHandle
    tsk_btns.o(i.readBtnUp) refers to stm32f1xx_hal_gpio.o(i.HAL_GPIO_ReadPin) for HAL_GPIO_ReadPin
    tsk_btns.o(i.readBtnUp) refers to cmsis_os.o(i.osDelay) for osDelay
    tsk_btns.o(i.readBtnUp) refers to semaphores.o(i.getSemaphor) for getSemaphor
    tsk_btns.o(i.readBtnUp) refers to semaphores.o(i.clrSemaphor) for clrSemaphor
    tsk_btns.o(i.readBtnUp) refers to semaphores.o(i.setSemaphor) for setSemaphor
    tsk_btns.o(i.readBtnUp) refers to tsk_btns.o(.data) for btnUpStateNew
    tsk_btns.o(i.readBtnUp) refers to freertos.o(.data) for SemBtnUpHandle
    tsk_btns.o(i.readBtns) refers to cmsis_os.o(i.osDelay) for osDelay
    tsk_btns.o(i.readBtns) refers to tsk_btns.o(i.readBtnLeft) for readBtnLeft
[...]
    i.flashWriteData                         0x08003a74   Section        0  flash_read_write.o(i.flashWriteData)
    i.getLedSpeed                            0x08003b10   Section        0  tsk_main.o(i.getLedSpeed)
    i.getSemaphor                            0x08003b1c   Section        0  semaphores.o(i.getSemaphor)
    i.inHandlerMode                          0x08003b28   Section        0  cmsis_os.o(i.inHandlerMode)
    inHandlerMode                            0x08003b29   Thumb Code    16  cmsis_os.o(i.inHandlerMode)
    i.init_table_convert                     0x08003b38   Section        0  lcd_lib.o(i.init_table_convert)
    i.lcdChkRowCol                           0x08003bac   Section        0  lcd_lib.o(i.lcdChkRowCol)
    i.lcdClear                               0x08003bcc   Section        0  lcd_lib.o(i.lcdClear)
    i.lcdClrChar                             0x08003c1c   Section        0  lcd_lib.o(i.lcdClrChar)
    i.lcdClrChars                            0x08003c74   Section        0  lcd_lib.o(i.lcdClrChars)
    i.lcdGoToXY                              0x08003cac   Section        0  lcd_lib.o(i.lcdGoToXY)
    i.lcdSendNumInt                          0x08003d2c   Section        0  lcd_lib.o(i.lcdSendNumInt)
    i.lcdSendString                          0x08003d5c   Section        0  lcd_lib.o(i.lcdSendString)
    i.lcdShowEncodCnt                        0x08003de8   Section        0  tsk_main.o(i.lcdShowEncodCnt)
    lcdShowEncodCnt                          0x08003de9   Thumb Code    56  tsk_main.o(i.lcdShowEncodCnt)
    i.lcdWriteMode                           0x08003e28   Section        0  tsk_main.o(i.lcdWriteMode)
    lcdWriteMode                             0x08003e29   Thumb Code   392  tsk_main.o(i.lcdWriteMode)
    i.lcd_init                               0x08004028   Section        0  lcd_lib.o(i.lcd_init)
    i.lcd_putbyte                            0x08004104   Section        0  lcd_lib.o(i.lcd_putbyte)
    i.lcd_putchar_buff                       0x08004154   Section        0  lcd_lib.o(i.lcd_putchar_buff)
    i.lcd_putnibble                          0x08004240   Section        0  lcd_lib.o(i.lcd_putnibble)
    i.lcd_set_user_gliff                     0x080042c8   Section        0  lcd_lib.o(i.lcd_set_user_gliff)
    i.led1_4Blink                            0x08004324   Section        0  led_1_4_8_12_16_blinl.o(i.led1_4Blink)
    i.ledAllBlink                            0x08004744   Section        0  led_all_blink.o(i.ledAllBlink)
    i.ledDemo                                0x080048c0   Section        0  led_demo.o(i.ledDemo)
    i.ledOffAll                              0x0800558c   Section        0  led_demo.o(i.ledOffAll)
    ledOffAll                                0x0800558d   Thumb Code   182  led_demo.o(i.ledOffAll)
    i.ledOnAll                               0x0800564c   Section        0  led_on_all.o(i.ledOnAll)
    i.ledRunBlink                            0x08005710   Section        0  led_run_blink.o(i.ledRunBlink)
    i.ledRuning1                             0x08005a24   Section        0  led_runing_1.o(i.ledRuning1)
    i.main                                   0x08005d44   Section        0  main.o(i.main)
    i.makeFreeRtosPriority                   0x08005d68   Section        0  cmsis_os.o(i.makeFreeRtosPriority)
    makeFreeRtosPriority                     0x08005d69   Thumb Code    14  cmsis_os.o(i.makeFreeRtosPriority)
    i.osDelay                                0x08005d76   Section        0  cmsis_os.o(i.osDelay)
    i.osKernelStart                          0x08005d8e   Section        0  cmsis_os.o(i.osKernelStart)
    i.osSemaphoreCreate                      0x08005d98   Section        0  cmsis_os.o(i.osSemaphoreCreate)
    i.osSemaphoreGetCount                    0x08005dc4   Section        0  cmsis_os.o(i.osSemaphoreGetCount)
    i.osSemaphoreRelease                     0x08005dd0   Section        0  cmsis_os.o(i.osSemaphoreRelease)
    i.osSemaphoreWait                        0x08005e20   Section        0  cmsis_os.o(i.osSemaphoreWait)
    i.osSystickHandler                       0x08005e8c   Section        0  cmsis_os.o(i.osSystickHandler)
    i.osThreadCreate                         0x08005e9c   Section        0  cmsis_os.o(i.osThreadCreate)
    i.prvAddCurrentTaskToDelayedList         0x08005ecc   Section        0  tasks.o(i.prvAddCurrentTaskToDelayedList)
    prvAddCurrentTaskToDelayedList           0x08005ecd   Thumb Code   124  tasks.o(i.prvAddCurrentTaskToDelayedList)
    i.prvAddNewTaskToReadyList               0x08005f64   Section        0  tasks.o(i.prvAddNewTaskToReadyList)
    prvAddNewTaskToReadyList                 0x08005f65   Thumb Code   150  tasks.o(i.prvAddNewTaskToReadyList)
    i.prvCheckTasksWaitingTermination        0x08006018   Section        0  tasks.o(i.prvCheckTasksWaitingTermination)
    prvCheckTasksWaitingTermination          0x08006019   Thumb Code    86  tasks.o(i.prvCheckTasksWaitingTermination)
    i.prvCopyDataFromQueue                   0x0800607c   Section        0  queue.o(i.prvCopyDataFromQueue)
    prvCopyDataFromQueue                     0x0800607d   Thumb Code    42  queue.o(i.prvCopyDataFromQueue)
    i.prvCopyDataToQueue                     0x080060a6   Section        0  queue.o(i.prvCopyDataToQueue)
    prvCopyDataToQueue                       0x080060a7   Thumb Code   124  queue.o(i.prvCopyDataToQueue)
    i.prvDeleteTCB                           0x08006122   Section        0  tasks.o(i.prvDeleteTCB)
    prvDeleteTCB                             0x08006123   Thumb Code    18  tasks.o(i.prvDeleteTCB)
    i.prvHeapInit                            0x08006134   Section        0  heap_4.o(i.prvHeapInit)
    prvHeapInit                              0x08006135   Thumb Code    98  heap_4.o(i.prvHeapInit)
    i.prvIdleTask                            0x080061b0   Section        0  tasks.o(i.prvIdleTask)
    prvIdleTask                              0x080061b1   Thumb Code    32  tasks.o(i.prvIdleTask)
    i.prvInitialiseNewQueue                  0x080061d8   Section        0  queue.o(i.prvInitialiseNewQueue)
    prvInitialiseNewQueue                    0x080061d9   Thumb Code    38  queue.o(i.prvInitialiseNewQueue)
    i.prvInitialiseNewTask                   0x080061fe   Section        0  tasks.o(i.prvInitialiseNewTask)
    prvInitialiseNewTask                     0x080061ff   Thumb Code   170  tasks.o(i.prvInitialiseNewTask)
    i.prvInitialiseTaskLists                 0x080062a8   Section        0  tasks.o(i.prvInitialiseTaskLists)
    prvInitialiseTaskLists                   0x080062a9   Thumb Code    70  tasks.o(i.prvInitialiseTaskLists)
    i.prvInsertBlockIntoFreeList             0x08006310   Section        0  heap_4.o(i.prvInsertBlockIntoFreeList)
    prvInsertBlockIntoFreeList               0x08006311   Thumb Code    96  heap_4.o(i.prvInsertBlockIntoFreeList)
    i.prvIsQueueEmpty                        0x08006378   Section        0  queue.o(i.prvIsQueueEmpty)
    prvIsQueueEmpty                          0x08006379   Thumb Code    26  queue.o(i.prvIsQueueEmpty)
    i.prvIsQueueFull                         0x08006392   Section        0  queue.o(i.prvIsQueueFull)
    prvIsQueueFull                           0x08006393   Thumb Code    30  queue.o(i.prvIsQueueFull)
    i.prvResetNextTaskUnblockTime            0x080063b0   Section        0  tasks.o(i.prvResetNextTaskUnblockTime)
    prvResetNextTaskUnblockTime              0x080063b1   Thumb Code    42  tasks.o(i.prvResetNextTaskUnblockTime)
    i.prvTaskExitError                       0x080063e4   Section        0  port.o(i.prvTaskExitError)
    prvTaskExitError                         0x080063e5   Thumb Code    60  port.o(i.prvTaskExitError)
    i.prvUnlockQueue                         0x08006424   Section        0  queue.o(i.prvUnlockQueue)
    prvUnlockQueue                           0x08006425   Thumb Code   126  queue.o(i.prvUnlockQueue)
    i.pvPortMalloc                           0x080064a4   Section        0  heap_4.o(i.pvPortMalloc)
    i.pvTaskIncrementMutexHeldCount          0x080065e0   Section        0  tasks.o(i.pvTaskIncrementMutexHeldCount)
    i.pxPortInitialiseStack                  0x08006600   Section        0  port.o(i.pxPortInitialiseStack)
    i.readBtnDown                            0x08006624   Section        0  tsk_btns.o(i.readBtnDown)
    readBtnDown                              0x08006625   Thumb Code   136  tsk_btns.o(i.readBtnDown)
    i.readBtnEncoder                         0x080066bc   Section        0  tsk_btns.o(i.readBtnEncoder)
    readBtnEncoder                           0x080066bd   Thumb Code   140  tsk_btns.o(i.readBtnEncoder)
    i.readBtnLeft                            0x08006758   Section        0  tsk_btns.o(i.readBtnLeft)
    readBtnLeft                              0x08006759   Thumb Code   136  tsk_btns.o(i.readBtnLeft)
    i.readBtnRight                           0x080067f0   Section        0  tsk_btns.o(i.readBtnRight)
    readBtnRight                             0x080067f1   Thumb Code   136  tsk_btns.o(i.readBtnRight)
    i.readBtnUp                              0x08006888   Section        0  tsk_btns.o(i.readBtnUp)
    readBtnUp                                0x08006889   Thumb Code   136  tsk_btns.o(i.readBtnUp)
    i.readBtns                               0x08006920   Section        0  tsk_btns.o(i.readBtns)
    i.readSettings                           0x08006940   Section        0  tsk_main.o(i.readSettings)
    readSettings                             0x08006941   Thumb Code   148  tsk_main.o(i.readSettings)
    i.searchRotation                         0x080069ec   Section        0  tsk_encoder.o(i.searchRotation)
    searchRotation                           0x080069ed   Thumb Code    88  tsk_encoder.o(i.searchRotation)
    i.searh_free_space_glif                  0x08006a54   Section        0  lcd_lib.o(i.searh_free_space_glif)
    i.semInit                                0x08006acc   Section        0  semaphores.o(i.semInit)
    i.setCounterLimits                       0x08006bf0   Section        0  tsk_encoder.o(i.setCounterLimits)
    setCounterLimits                         0x08006bf1   Thumb Code    44  tsk_encoder.o(i.setCounterLimits)
    i.setLedMode                             0x08006c24   Section        0  tsk_main.o(i.setLedMode)
    setLedMode                               0x08006c25   Thumb Code   524  tsk_main.o(i.setLedMode)
    i.setLedPower                            0x08006e5c   Section        0  tsk_main.o(i.setLedPower)
    setLedPower                              0x08006e5d   Thumb Code    32  tsk_main.o(i.setLedPower)
    i.setSemaphor                            0x08006e80   Section        0  semaphores.o(i.setSemaphor)
    i.set_buff                               0x08006e8c   Section        0  lcd_lib.o(i.set_buff)
    i.set_table_convert                      0x08006f28   Section        0  lcd_lib.o(i.set_table_convert)
    i.tsk_encoder                            0x080076ac   Section        0  tsk_encoder.o(i.tsk_encoder)
    i.tsk_led                                0x08007724   Section        0  tsk_led.o(i.tsk_led)
    i.tsk_main                               0x080077a4   Section        0  tsk_main.o(i.tsk_main)
    i.uxListRemove                           0x08007870   Section        0  list.o(i.uxListRemove)
    i.uxQueueMessagesWaiting                 0x08007898   Section        0  queue.o(i.uxQueueMessagesWaiting)
    i.vListInitialise                        0x080078c2   Section        0  list.o(i.vListInitialise)
    i.vListInitialiseItem                    0x080078dc   Section        0  list.o(i.vListInitialiseItem)
    i.vListInsert                            0x080078e2   Section        0  list.o(i.vListInsert)
    i.vListInsertEnd                         0x08007916   Section        0  list.o(i.vListInsertEnd)
    i.vPortEnterCritical                     0x08007930   Section        0  port.o(i.vPortEnterCritical)
    i.vPortExitCritical                      0x08007984   Section        0  port.o(i.vPortExitCritical)
    i.vPortFree                              0x080079c0   Section        0  heap_4.o(i.vPortFree)
    i.vPortSetupTimerInterrupt               0x08007a54   Section        0  port.o(i.vPortSetupTimerInterrupt)
    i.vPortValidateInterruptPriority         0x08007a74   Section        0  port.o(i.vPortValidateInterruptPriority)
    i.vTaskDelay                             0x08007aec   Section        0  tasks.o(i.vTaskDelay)
    i.vTaskMissedYield                       0x08007b48   Section        0  tasks.o(i.vTaskMissedYield)
    i.vTaskPlaceOnEventList                  0x08007b54   Section        0  tasks.o(i.vTaskPlaceOnEventList)
    i.vTaskPriorityInherit                   0x08007b8c   Section        0  tasks.o(i.vTaskPriorityInherit)
    i.vTaskSetTimeOutState                   0x08007c3c   Section        0  tasks.o(i.vTaskSetTimeOutState)
    i.vTaskStartScheduler                    0x08007c6c   Section        0  tasks.o(i.vTaskStartScheduler)
    i.vTaskSuspendAll                        0x08007cf4   Section        0  tasks.o(i.vTaskSuspendAll)
    i.vTaskSwitchContext                     0x08007d04   Section        0  tasks.o(i.vTaskSwitchContext)
    i.waitEncod                              0x08007d90   Section        0  tsk_encoder.o(i.waitEncod)
    waitEncod                                0x08007d91   Thumb Code    24  tsk_encoder.o(i.waitEncod)
    i.writeOldEndNewDataInPage               0x08007dac   Section        0  flash_read_write.o(i.writeOldEndNewDataInPage)
    writeOldEndNewDataInPage                 0x08007dad   Thumb Code   162  flash_read_write.o(i.writeOldEndNewDataInPage)
    i.writeSettings                          0x08007e50   Section        0  tsk_main.o(i.writeSettings)
    writeSettings                            0x08007e51   Thumb Code    34  tsk_main.o(i.writeSettings)
    i.xPortStartScheduler                    0x08007e8c   Section        0  port.o(i.xPortStartScheduler)
    i.xPortSysTickHandler                    0x08007f2c   Section        0  port.o(i.xPortSysTickHandler)
    i.xQueueGenericCreate                    0x08007f60   Section        0  queue.o(i.xQueueGenericCreate)
    i.xQueueGenericReceive                   0x08007fb8   Section        0  queue.o(i.xQueueGenericReceive)
    i.xQueueGenericReset                     0x0800817c   Section        0  queue.o(i.xQueueGenericReset)
    i.xQueueGenericSend                      0x08008214   Section        0  queue.o(i.xQueueGenericSend)
    i.xQueueGiveFromISR                      0x080083bc   Section        0  queue.o(i.xQueueGiveFromISR)
    i.xQueueReceiveFromISR                   0x0800849c   Section        0  queue.o(i.xQueueReceiveFromISR)
    i.xTaskCheckForTimeOut                   0x08008568   Section        0  tasks.o(i.xTaskCheckForTimeOut)
    i.xTaskCreate                            0x080085f4   Section        0  tasks.o(i.xTaskCreate)
    i.xTaskGetSchedulerState                 0x08008654   Section        0  tasks.o(i.xTaskGetSchedulerState)
    i.xTaskIncrementTick                     0x08008674   Section        0  tasks.o(i.xTaskIncrementTick)
    i.xTaskPriorityDisinherit                0x080087bc   Section        0  tasks.o(i.xTaskPriorityDisinherit)
    i.xTaskRemoveFromEventList               0x08008884   Section        0  tasks.o(i.xTaskRemoveFromEventList)
    i.xTaskResumeAll                         0x0800891c   Section        0  tasks.o(i.xTaskResumeAll)
    .constdata                               0x08008a20   Section       80  freertos.o(.constdata)
    .constdata                               0x08008a70   Section       24  system_stm32f1xx.o(.constdata)
    .conststring                             0x08008a88   Section       56  freertos.o(.conststring)
    .data                                    0x20000000   Section       40  tsk_btns.o(.data)
    .data                                    0x20000028   Section       16  tsk_encoder.o(.data)
    .data                                    0x20000038   Section       24  tsk_main.o(.data)
    .data                                    0x20000050   Section       20  lcd_lib.o(.data)
    .data                                    0x20000064   Section        8  flash_read_write.o(.data)
    .data                                    0x2000006c   Section      112  freertos.o(.data)
    .data                                    0x200000dc   Section        9  stm32f1xx_hal.o(.data)
    .data                                    0x200000e8   Section        4  system_stm32f1xx.o(.data)
    .data                                    0x200000ec   Section       24  heap_4.o(.data)
    xStart                                   0x200000ec   Data           8  heap_4.o(.data)
    pxEnd                                    0x200000f4   Data           4  heap_4.o(.data)
    xFreeBytesRemaining                      0x200000f8   Data           4  heap_4.o(.data)
    xMinimumEverFreeBytesRemaining           0x200000fc   Data           4  heap_4.o(.data)
    xBlockAllocatedBit                       0x20000100   Data           4  heap_4.o(.data)
    .data                                    0x20000104   Section       12  port.o(.data)
    uxCriticalNesting                        0x20000104   Data           4  port.o(.data)
    ucMaxSysCallPriority                     0x20000108   Data           1  port.o(.data)
    ulMaxPRIGROUPValue                       0x2000010c   Data           4  port.o(.data)
    .data                                    0x20000110   Section       60  tasks.o(.data)
    pxDelayedTaskList                        0x20000114   Data           4  tasks.o(.data)
    pxOverflowDelayedTaskList                0x20000118   Data           4  tasks.o(.data)
    uxDeletedTasksWaitingCleanUp             0x2000011c   Data           4  tasks.o(.data)
    uxCurrentNumberOfTasks                   0x20000120   Data           4  tasks.o(.data)
    xTickCount                               0x20000124   Data           4  tasks.o(.data)
    uxTopReadyPriority                       0x20000128   Data           4  tasks.o(.data)
    xSchedulerRunning                        0x2000012c   Data           4  tasks.o(.data)
    uxPendedTicks                            0x20000130   Data           4  tasks.o(.data)
    xYieldPending                            0x20000134   Data           4  tasks.o(.data)
    xNumOfOverflows                          0x20000138   Data           4  tasks.o(.data)
    uxTaskNumber                             0x2000013c   Data           4  tasks.o(.data)
    xNextTaskUnblockTime                     0x20000140   Data           4  tasks.o(.data)
    xIdleTaskHandle                          0x20000144   Data           4  tasks.o(.data)
    uxSchedulerSuspended                     0x20000148   Data           4  tasks.o(.data)
    .bss                                     0x2000014c   Section      708  lcd_lib.o(.bss)
    str                                      0x200003ef   Data          33  lcd_lib.o(.bss)
    .bss                                     0x20000410   Section      528  flash_read_write.o(.bss)
    EraseInitStruct                          0x20000410   Data          16  flash_read_write.o(.bss)
    .bss                                     0x20000620   Section       84  i2c.o(.bss)
    .bss                                     0x20000674   Section      128  tim.o(.bss)
    .bss                                     0x200006f4   Section       64  stm32f1xx_hal_timebase_tim.o(.bss)
    .bss                                     0x20000738   Section       32  stm32f1xx_hal_flash.o(.bss)
    .bss                                     0x20000758   Section    15000  heap_4.o(.bss)
    ucHeap                                   0x20000758   Data       15000  heap_4.o(.bss)
    .bss                                     0x200041f0   Section      240  tasks.o(.bss)
    pxReadyTasksLists                        0x200041f0   Data         140  tasks.o(.bss)
    xDelayedTaskList1                        0x2000427c   Data          20  tasks.o(.bss)
    xDelayedTaskList2                        0x20004290   Data          20  tasks.o(.bss)
    xPendingReadyList                        0x200042a4   Data          20  tasks.o(.bss)
    xTasksWaitingTermination                 0x200042b8   Data          20  tasks.o(.bss)
    xSuspendedTaskList                       0x200042cc   Data          20  tasks.o(.bss)
    STACK                                    0x200042e0   Section     1024  startup_stm32f103xb.o(STACK)

    Global Symbols

    Symbol Name                              Value     Ov Type        Size  Object(Section)

    BuildAttributes$$THM_ISAv4$P$D$K$B$S$PE$A:L22UL41UL21$X:L11$S22US41US21$IEEE1$IW$USESV6$~STKCKD$USESV7$~SHL$OSPACE$ROPI$EBA8$MICROLIB$REQ8$PRES8$EABIv2 0x00000000   Number         0  anon$$obj.o ABSOLUTE
    __ARM_use_no_argv                        0x00000000   Number         0  main.o ABSOLUTE
    _printf_a                                0x00000000   Number         0  stubs.o ABSOLUTE
    _printf_c                                0x00000000   Number         0  stubs.o ABSOLUTE
    _printf_charcount                        0x00000000   Number         0  stubs.o ABSOLUTE
    _printf_d                                0x00000000   Number         0  stubs.o ABSOLUTE
    _printf_e                                0x00000000   Number         0  stubs.o ABSOLUTE
    _printf_f                                0x00000000   Number         0  stubs.o ABSOLUTE
    _printf_flags                            0x00000000   Number         0  stubs.o ABSOLUTE
    _printf_fp_dec                           0x00000000   Number         0  stubs.o ABSOLUTE
    _printf_fp_hex                           0x00000000   Number         0  stubs.o ABSOLUTE
    _printf_g                                0x00000000   Number         0  stubs.o ABSOLUTE
    _printf_i                                0x00000000   Number         0  stubs.o ABSOLUTE
    _printf_int_dec                          0x00000000   Number         0  stubs.o ABSOLUTE
    _printf_l                                0x00000000   Number         0  stubs.o ABSOLUTE
    _printf_lc                               0x00000000   Number         0  stubs.o ABSOLUTE
    _printf_ll                               0x00000000   Number         0  stubs.o ABSOLUTE
    _printf_lld                              0x00000000   Number         0  stubs.o ABSOLUTE
    _printf_lli                              0x00000000   Number         0  stubs.o ABSOLUTE
    _printf_llo                              0x00000000   Number         0  stubs.o ABSOLUTE
    _printf_llu                              0x00000000   Number         0  stubs.o ABSOLUTE
    _printf_llx                              0x00000000   Number         0  stubs.o ABSOLUTE
    _printf_longlong_dec                     0x00000000   Number         0  stubs.o ABSOLUTE
    _printf_longlong_hex                     0x00000000   Number         0  stubs.o ABSOLUTE
    _printf_longlong_oct                     0x00000000   Number         0  stubs.o ABSOLUTE
    _printf_ls                               0x00000000   Number         0  stubs.o ABSOLUTE
    _printf_mbtowc                           0x00000000   Number         0  stubs.o ABSOLUTE
    _printf_n                                0x00000000   Number         0  stubs.o ABSOLUTE
    _printf_o                                0x00000000   Number         0  stubs.o ABSOLUTE
    _printf_p                                0x00000000   Number         0  stubs.o ABSOLUTE
    _printf_percent                          0x00000000   Number         0  stubs.o ABSOLUTE
    _printf_pre_padding                      0x00000000   Number         0  stubs.o ABSOLUTE
    _printf_return_value                     0x00000000   Number         0  stubs.o ABSOLUTE
    _printf_s                                0x00000000   Number         0  stubs.o ABSOLUTE
    _printf_sizespec                         0x00000000   Number         0  stubs.o ABSOLUTE
    _printf_str                              0x00000000   Number         0  stubs.o ABSOLUTE
    _printf_truncate_signed                  0x00000000   Number         0  stubs.o ABSOLUTE
    _printf_truncate_unsigned                0x00000000   Number         0  stubs.o ABSOLUTE
    _printf_u                                0x00000000   Number         0  stubs.o ABSOLUTE
    _printf_wc                               0x00000000   Number         0  stubs.o ABSOLUTE
    _printf_wctomb                           0x00000000   Number         0  stubs.o ABSOLUTE
    _printf_widthprec                        0x00000000   Number         0  stubs.o ABSOLUTE
    _printf_x                                0x00000000   Number         0  stubs.o ABSOLUTE
    __cpp_initialize__aeabi_                  - Undefined Weak Reference
    __cxa_finalize                            - Undefined Weak Reference
    _clock_init                               - Undefined Weak Reference
    _microlib_exit                            - Undefined Weak Reference
    __Vectors_Size                           0x000000ec   Number         0  startup_stm32f103xb.o ABSOLUTE
    __Vectors                                0x08000000   Data           4  startup_stm32f103xb.o(RESET)
    __Vectors_End                            0x080000ec   Data           0  startup_stm32f103xb.o(RESET)
    __main                                   0x080000ed   Thumb Code     0  entry.o(.ARM.Collect$$$$00000000)
    _main_stk                                0x080000ed   Thumb Code     0  entry2.o(.ARM.Collect$$$$00000001)
    _main_scatterload                        0x080000f1   Thumb Code     0  entry5.o(.ARM.Collect$$$$00000004)
    __main_after_scatterload                 0x080000f5   Thumb Code     0  entry5.o(.ARM.Collect$$$$00000004)
    _main_clock                              0x080000f5   Thumb Code     0  entry7b.o(.ARM.Collect$$$$00000008)
    _main_cpp_init                           0x080000f5   Thumb Code     0  entry8b.o(.ARM.Collect$$$$0000000A)
    _main_init                               0x080000f5   Thumb Code     0  entry9a.o(.ARM.Collect$$$$0000000B)
    __rt_final_cpp                           0x080000fd   Thumb Code     0  entry10a.o(.ARM.Collect$$$$0000000D)
    __rt_final_exit                          0x080000fd   Thumb Code     0  entry11a.o(.ARM.Collect$$$$0000000F)
    SVC_Handler                              0x08000101   Thumb Code    32  port.o(.emb_text)
    __asm___6_port_c_39a90d8d__prvStartFirstTask 0x08000125   Thumb Code    28  port.o(.emb_text)
    PendSV_Handler                           0x08000145   Thumb Code    72  port.o(.emb_text)
    vPortGetIPSR                             0x08000191   Thumb Code     6  port.o(.emb_text)
    Reset_Handler                            0x08000199   Thumb Code     8  startup_stm32f103xb.o(.text)
    ADC1_2_IRQHandler                        0x080001b3   Thumb Code     0  startup_stm32f103xb.o(.text)
    CAN1_RX1_IRQHandler                      0x080001b3   Thumb Code     0  startup_stm32f103xb.o(.text)
    CAN1_SCE_IRQHandler                      0x080001b3   Thumb Code     0  startup_stm32f103xb.o(.text)
    DMA1_Channel1_IRQHandler                 0x080001b3   Thumb Code     0  startup_stm32f103xb.o(.text)
    DMA1_Channel2_IRQHandler                 0x080001b3   Thumb Code     0  startup_stm32f103xb.o(.text)
    DMA1_Channel3_IRQHandler                 0x080001b3   Thumb Code     0  startup_stm32f103xb.o(.text)
    DMA1_Channel4_IRQHandler                 0x080001b3   Thumb Code     0  startup_stm32f103xb.o(.text)
    DMA1_Channel5_IRQHandler                 0x080001b3   Thumb Code     0  startup_stm32f103xb.o(.text)
    DMA1_Channel6_IRQHandler                 0x080001b3   Thumb Code     0  startup_stm32f103xb.o(.text)
    DMA1_Channel7_IRQHandler                 0x080001b3   Thumb Code     0  startup_stm32f103xb.o(.text)
    EXTI0_IRQHandler                         0x080001b3   Thumb Code     0  startup_stm32f103xb.o(.text)
    EXTI15_10_IRQHandler                     0x080001b3   Thumb Code     0  startup_stm32f103xb.o(.text)
    EXTI1_IRQHandler                         0x080001b3   Thumb Code     0  startup_stm32f103xb.o(.text)
    EXTI2_IRQHandler                         0x080001b3   Thumb Code     0  startup_stm32f103xb.o(.text)
    EXTI3_IRQHandler                         0x080001b3   Thumb Code     0  startup_stm32f103xb.o(.text)
    EXTI4_IRQHandler                         0x080001b3   Thumb Code     0  startup_stm32f103xb.o(.text)
    EXTI9_5_IRQHandler                       0x080001b3   Thumb Code     0  startup_stm32f103xb.o(.text)
    FLASH_IRQHandler                         0x080001b3   Thumb Code     0  startup_stm32f103xb.o(.text)
    I2C1_ER_IRQHandler                       0x080001b3   Thumb Code     0  startup_stm32f103xb.o(.text)
    I2C1_EV_IRQHandler                       0x080001b3   Thumb Code     0  startup_stm32f103xb.o(.text)
    I2C2_ER_IRQHandler                       0x080001b3   Thumb Code     0  startup_stm32f103xb.o(.text)
    I2C2_EV_IRQHandler                       0x080001b3   Thumb Code     0  startup_stm32f103xb.o(.text)
    PVD_IRQHandler                           0x080001b3   Thumb Code     0  startup_stm32f103xb.o(.text)
    RCC_IRQHandler                           0x080001b3   Thumb Code     0  startup_stm32f103xb.o(.text)
    RTC_Alarm_IRQHandler                     0x080001b3   Thumb Code     0  startup_stm32f103xb.o(.text)
    RTC_IRQHandler                           0x080001b3   Thumb Code     0  startup_stm32f103xb.o(.text)
    SPI1_IRQHandler                          0x080001b3   Thumb Code     0  startup_stm32f103xb.o(.text)
    SPI2_IRQHandler                          0x080001b3   Thumb Code     0  startup_stm32f103xb.o(.text)
    TAMPER_IRQHandler                        0x080001b3   Thumb Code     0  startup_stm32f103xb.o(.text)
    TIM1_BRK_IRQHandler                      0x080001b3   Thumb Code     0  startup_stm32f103xb.o(.text)
    TIM1_CC_IRQHandler                       0x080001b3   Thumb Code     0  startup_stm32f103xb.o(.text)
    TIM1_TRG_COM_IRQHandler                  0x080001b3   Thumb Code     0  startup_stm32f103xb.o(.text)
    TIM1_UP_IRQHandler                       0x080001b3   Thumb Code     0  startup_stm32f103xb.o(.text)
    TIM2_IRQHandler                          0x080001b3   Thumb Code     0  startup_stm32f103xb.o(.text)
    TIM4_IRQHandler                          0x080001b3   Thumb Code     0  startup_stm32f103xb.o(.text)
    USART1_IRQHandler                        0x080001b3   Thumb Code     0  startup_stm32f103xb.o(.text)
    USART2_IRQHandler                        0x080001b3   Thumb Code     0  startup_stm32f103xb.o(.text)
    USART3_IRQHandler                        0x080001b3   Thumb Code     0  startup_stm32f103xb.o(.text)
    USBWakeUp_IRQHandler                     0x080001b3   Thumb Code     0  startup_stm32f103xb.o(.text)
    USB_HP_CAN1_TX_IRQHandler                0x080001b3   Thumb Code     0  startup_stm32f103xb.o(.text)
    USB_LP_CAN1_RX0_IRQHandler               0x080001b3   Thumb Code     0  startup_stm32f103xb.o(.text)
    WWDG_IRQHandler                          0x080001b3   Thumb Code     0  startup_stm32f103xb.o(.text)
    __aeabi_llsr                             0x080001bd   Thumb Code    32  llushr.o(.text)
    _ll_ushift_r                             0x080001bd   Thumb Code     0  llushr.o(.text)
    __aeabi_memcpy                           0x080001dd   Thumb Code    36  memcpya.o(.text)
    __aeabi_memcpy4                          0x080001dd   Thumb Code     0  memcpya.o(.text)
    __aeabi_memcpy8                          0x080001dd   Thumb Code     0  memcpya.o(.text)
    __aeabi_memset                           0x08000201   Thumb Code    14  memseta.o(.text)
    __aeabi_memset4                          0x08000201   Thumb Code     0  memseta.o(.text)
    __aeabi_memset8                          0x08000201   Thumb Code     0  memseta.o(.text)
    __aeabi_memclr                           0x0800020f   Thumb Code     4  memseta.o(.text)
    __aeabi_memclr4                          0x0800020f   Thumb Code     0  memseta.o(.text)
    __aeabi_memclr8                          0x0800020f   Thumb Code     0  memseta.o(.text)
    _memset$wrapper                          0x08000213   Thumb Code    18  memseta.o(.text)
    __aeabi_uidiv                            0x08000225   Thumb Code     0  uidiv.o(.text)
    __aeabi_uidivmod                         0x08000225   Thumb Code    44  uidiv.o(.text)
    __aeabi_uldivmod                         0x08000251   Thumb Code    98  uldiv.o(.text)
    __I$use$fp                               0x080002b3   Thumb Code     0  iusefp.o(.text)
    __aeabi_dadd                             0x080002b3   Thumb Code   322  dadd.o(.text)
    __aeabi_dsub                             0x080003f5   Thumb Code     6  dadd.o(.text)
    __aeabi_drsub                            0x080003fb   Thumb Code     6  dadd.o(.text)
    __aeabi_dmul                             0x08000401   Thumb Code   228  dmul.o(.text)
    __aeabi_ddiv                             0x080004e5   Thumb Code   222  ddiv.o(.text)
    __aeabi_d2ulz                            0x080005c3   Thumb Code    48  dfixul.o(.text)
    __aeabi_cdrcmple                         0x080005f5   Thumb Code    48  cdrcmple.o(.text)
    __scatterload                            0x08000625   Thumb Code    28  init.o(.text)
    __scatterload_rt2                        0x08000625   Thumb Code     0  init.o(.text)
    __aeabi_llsl                             0x08000649   Thumb Code    30  llshl.o(.text)
    _ll_shift_l                              0x08000649   Thumb Code     0  llshl.o(.text)
    __aeabi_lasr                             0x08000667   Thumb Code    36  llsshr.o(.text)
    _ll_sshift_r                             0x08000667   Thumb Code     0  llsshr.o(.text)
    _double_round                            0x0800068b   Thumb Code    30  depilogue.o(.text)
    _double_epilogue                         0x080006a9   Thumb Code   156  depilogue.o(.text)
    __decompress                             0x08000745   Thumb Code     0  __dczerorl.o(.text)
    __decompress0                            0x08000745   Thumb Code    58  __dczerorl.o(.text)
    BusFault_Handler                         0x0800077f   Thumb Code     4  stm32f1xx_it.o(i.BusFault_Handler)
    DebugMon_Handler                         0x08000783   Thumb Code     2  stm32f1xx_it.o(i.DebugMon_Handler)
    FLASH_PageErase                          0x080007ad   Thumb Code    32  stm32f1xx_hal_flash_ex.o(i.FLASH_PageErase)
    FLASH_WaitForLastOperation               0x08000879   Thumb Code   106  stm32f1xx_hal_flash.o(i.FLASH_WaitForLastOperation)
    HAL_Delay                                0x080008e9   Thumb Code    36  stm32f1xx_hal.o(i.HAL_Delay)
    HAL_FLASHEx_Erase                        0x08000911   Thumb Code   168  stm32f1xx_hal_flash_ex.o(i.HAL_FLASHEx_Erase)
    HAL_FLASH_Lock                           0x080009c1   Thumb Code    16  stm32f1xx_hal_flash.o(i.HAL_FLASH_Lock)
    HAL_FLASH_Program                        0x080009d5   Thumb Code   168  stm32f1xx_hal_flash.o(i.HAL_FLASH_Program)
    HAL_FLASH_Unlock                         0x08000a85   Thumb Code    36  stm32f1xx_hal_flash.o(i.HAL_FLASH_Unlock)
    HAL_GPIO_Init                            0x08000ab5   Thumb Code   764  stm32f1xx_hal_gpio.o(i.HAL_GPIO_Init)
    HAL_GPIO_ReadPin                         0x08000dd1   Thumb Code    16  stm32f1xx_hal_gpio.o(i.HAL_GPIO_ReadPin)
    HAL_GPIO_WritePin                        0x08000de1   Thumb Code    12  stm32f1xx_hal_gpio.o(i.HAL_GPIO_WritePin)
    HAL_GetTick                              0x08000ded   Thumb Code     6  stm32f1xx_hal.o(i.HAL_GetTick)
    HAL_I2C_Init                             0x08000df9   Thumb Code   362  stm32f1xx_hal_i2c.o(i.HAL_I2C_Init)
    HAL_I2C_Master_Transmit                  0x08000f75   Thumb Code   396  stm32f1xx_hal_i2c.o(i.HAL_I2C_Master_Transmit)
    HAL_I2C_MspInit                          0x08001109   Thumb Code    66  i2c.o(i.HAL_I2C_MspInit)
    HAL_IncTick                              0x08001159   Thumb Code    16  stm32f1xx_hal.o(i.HAL_IncTick)
    HAL_Init                                 0x08001171   Thumb Code    34  stm32f1xx_hal.o(i.HAL_Init)
    HAL_InitTick                             0x08001199   Thumb Code   118  stm32f1xx_hal_timebase_tim.o(i.HAL_InitTick)
    HAL_MspInit                              0x08001221   Thumb Code   158  stm32f1xx_hal_msp.o(i.HAL_MspInit)
    HAL_NVIC_EnableIRQ                       0x080012c9   Thumb Code    26  stm32f1xx_hal_cortex.o(i.HAL_NVIC_EnableIRQ)
    HAL_NVIC_SetPriority                     0x080012e3   Thumb Code   124  stm32f1xx_hal_cortex.o(i.HAL_NVIC_SetPriority)
    HAL_NVIC_SetPriorityGrouping             0x08001361   Thumb Code    32  stm32f1xx_hal_cortex.o(i.HAL_NVIC_SetPriorityGrouping)
    HAL_RCC_ClockConfig                      0x08001389   Thumb Code   402  stm32f1xx_hal_rcc.o(i.HAL_RCC_ClockConfig)
    HAL_RCC_GetClockConfig                   0x0800152d   Thumb Code    58  stm32f1xx_hal_rcc.o(i.HAL_RCC_GetClockConfig)
    HAL_RCC_GetHCLKFreq                      0x08001571   Thumb Code     6  stm32f1xx_hal_rcc.o(i.HAL_RCC_GetHCLKFreq)
    HAL_RCC_GetPCLK1Freq                     0x0800157d   Thumb Code    22  stm32f1xx_hal_rcc.o(i.HAL_RCC_GetPCLK1Freq)
    HAL_RCC_GetSysClockFreq                  0x0800159d   Thumb Code   116  stm32f1xx_hal_rcc.o(i.HAL_RCC_GetSysClockFreq)
    HAL_RCC_OscConfig                        0x08001631   Thumb Code  1078  stm32f1xx_hal_rcc.o(i.HAL_RCC_OscConfig)
    HAL_SYSTICK_CLKSourceConfig              0x08001a71   Thumb Code    40  stm32f1xx_hal_cortex.o(i.HAL_SYSTICK_CLKSourceConfig)
    HAL_SYSTICK_Config                       0x08001a99   Thumb Code    52  stm32f1xx_hal_cortex.o(i.HAL_SYSTICK_Config)
    HAL_TIMEx_BreakCallback                  0x08001acd   Thumb Code     2  stm32f1xx_hal_tim_ex.o(i.HAL_TIMEx_BreakCallback)
    HAL_TIMEx_CommutationCallback            0x08001acf   Thumb Code     2  stm32f1xx_hal_tim_ex.o(i.HAL_TIMEx_CommutationCallback)
    HAL_TIMEx_MasterConfigSynchronization    0x08001ad1   Thumb Code    98  stm32f1xx_hal_tim_ex.o(i.HAL_TIMEx_MasterConfigSynchronization)
    HAL_TIM_Base_Init                        0x08001b33   Thumb Code    52  stm32f1xx_hal_tim.o(i.HAL_TIM_Base_Init)
    HAL_TIM_Base_MspInit                     0x08001b67   Thumb Code     2  stm32f1xx_hal_tim.o(i.HAL_TIM_Base_MspInit)
    HAL_TIM_Base_Start_IT                    0x08001b69   Thumb Code    30  stm32f1xx_hal_tim.o(i.HAL_TIM_Base_Start_IT)
    HAL_TIM_Encoder_Init                     0x08001b87   Thumb Code   180  stm32f1xx_hal_tim.o(i.HAL_TIM_Encoder_Init)
    HAL_TIM_Encoder_MspInit                  0x08001c3d   Thumb Code    66  tim.o(i.HAL_TIM_Encoder_MspInit)
    HAL_TIM_Encoder_Start_IT                 0x08001c8d   Thumb Code   126  stm32f1xx_hal_tim.o(i.HAL_TIM_Encoder_Start_IT)
    HAL_TIM_IC_CaptureCallback               0x08001d0b   Thumb Code     2  stm32f1xx_hal_tim.o(i.HAL_TIM_IC_CaptureCallback)
    HAL_TIM_IRQHandler                       0x08001d0d   Thumb Code   406  stm32f1xx_hal_tim.o(i.HAL_TIM_IRQHandler)
    HAL_TIM_MspPostInit                      0x08001ea5   Thumb Code    32  tim.o(i.HAL_TIM_MspPostInit)
    HAL_TIM_OC_DelayElapsedCallback          0x08001ecd   Thumb Code     2  stm32f1xx_hal_tim.o(i.HAL_TIM_OC_DelayElapsedCallback)
    HAL_TIM_PWM_ConfigChannel                0x08001ecf   Thumb Code   264  stm32f1xx_hal_tim.o(i.HAL_TIM_PWM_ConfigChannel)
    HAL_TIM_PWM_Init                         0x08001fd7   Thumb Code    52  stm32f1xx_hal_tim.o(i.HAL_TIM_PWM_Init)
    HAL_TIM_PWM_MspInit                      0x0800200d   Thumb Code    40  tim.o(i.HAL_TIM_PWM_MspInit)
    HAL_TIM_PWM_PulseFinishedCallback        0x0800203d   Thumb Code     2  stm32f1xx_hal_tim.o(i.HAL_TIM_PWM_PulseFinishedCallback)
    HAL_TIM_PWM_Start                        0x08002041   Thumb Code    60  stm32f1xx_hal_tim.o(i.HAL_TIM_PWM_Start)
    HAL_TIM_PeriodElapsedCallback            0x08002081   Thumb Code    18  main.o(i.HAL_TIM_PeriodElapsedCallback)
    HAL_TIM_TriggerCallback                  0x08002099   Thumb Code     2  stm32f1xx_hal_tim.o(i.HAL_TIM_TriggerCallback)
    HardFault_Handler                        0x0800209b   Thumb Code     4  stm32f1xx_it.o(i.HardFault_Handler)
    I2C_send_byte_LCD                        0x08002369   Thumb Code    34  lcd_lib.o(i.I2C_send_byte_LCD)
    MX_FREERTOS_Init                         0x08002395   Thumb Code   486  freertos.o(i.MX_FREERTOS_Init)
    MX_GPIO_Init                             0x080025f1   Thumb Code   200  gpio.o(i.MX_GPIO_Init)
    MX_I2C1_Init                             0x080026c5   Thumb Code    52  i2c.o(i.MX_I2C1_Init)
    MX_TIM1_Init                             0x08002715   Thumb Code   116  tim.o(i.MX_TIM1_Init)
    MX_TIM4_Init                             0x080027a1   Thumb Code   112  tim.o(i.MX_TIM4_Init)
    MemManage_Handler                        0x08002829   Thumb Code     4  stm32f1xx_it.o(i.MemManage_Handler)
    NMI_Handler                              0x0800282d   Thumb Code     2  stm32f1xx_it.o(i.NMI_Handler)
    SysTick_Handler                          0x08002891   Thumb Code     8  stm32f1xx_it.o(i.SysTick_Handler)
    SystemClock_Config                       0x08002899   Thumb Code   122  main.o(i.SystemClock_Config)
    SystemInit                               0x08002925   Thumb Code    70  system_stm32f1xx.o(i.SystemInit)
    TIM3_IRQHandler                          0x0800297d   Thumb Code    10  stm32f1xx_it.o(i.TIM3_IRQHandler)
    TIM_Base_SetConfig                       0x0800298d   Thumb Code   102  stm32f1xx_hal_tim.o(i.TIM_Base_SetConfig)
    TIM_CCxChannelCmd                        0x08002a01   Thumb Code    28  stm32f1xx_hal_tim.o(i.TIM_CCxChannelCmd)
    TIM_OC2_SetConfig                        0x08002a81   Thumb Code   106  stm32f1xx_hal_tim.o(i.TIM_OC2_SetConfig)
    TskLedBlink                              0x08002bad   Thumb Code     8  freertos.o(i.TskLedBlink)
    TskMain                                  0x08002bb5   Thumb Code     8  freertos.o(i.TskMain)
    TskReadBtn                               0x08002bbd   Thumb Code     8  freertos.o(i.TskReadBtn)
    TskReadEncoder                           0x08002bc5   Thumb Code     8  freertos.o(i.TskReadEncoder)
    UsageFault_Handler                       0x08002bcd   Thumb Code     4  stm32f1xx_it.o(i.UsageFault_Handler)
    _Error_Handler                           0x08002bd1   Thumb Code     4  main.o(i._Error_Handler)
    __0sprintf                               0x08002bd5   Thumb Code    34  printfa.o(i.__0sprintf)
    __1sprintf                               0x08002bd5   Thumb Code     0  printfa.o(i.__0sprintf)
    __2sprintf                               0x08002bd5   Thumb Code     0  printfa.o(i.__0sprintf)
    __c89sprintf                             0x08002bd5   Thumb Code     0  printfa.o(i.__0sprintf)
    sprintf                                  0x08002bd5   Thumb Code     0  printfa.o(i.__0sprintf)
    __scatterload_copy                       0x08002bfd   Thumb Code    14  handlers.o(i.__scatterload_copy)
    __scatterload_null                       0x08002c0b   Thumb Code     2  handlers.o(i.__scatterload_null)
    __scatterload_zeroinit                   0x08002c0d   Thumb Code    14  handlers.o(i.__scatterload_zeroinit)
    clrSemaphor                              0x08003785   Thumb Code    14  semaphores.o(i.clrSemaphor)
    convert_to_rus                           0x080037c1   Thumb Code    72  lcd_lib.o(i.convert_to_rus)
    encodClr                                 0x0800391d   Thumb Code    18  tsk_encoder.o(i.encodClr)
    encodGetValue                            0x08003939   Thumb Code    50  tsk_encoder.o(i.encodGetValue)
    encodSetHalfCnt                          0x08003971   Thumb Code    18  tsk_encoder.o(i.encodSetHalfCnt)
    encodSetValue                            0x08003991   Thumb Code    40  tsk_encoder.o(i.encodSetValue)
    flashRead                                0x08003a45   Thumb Code    16  flash_read_write.o(i.flashRead)
    flashWriteData                           0x08003a75   Thumb Code   156  flash_read_write.o(i.flashWriteData)
    getLedSpeed                              0x08003b11   Thumb Code     6  tsk_main.o(i.getLedSpeed)
    getSemaphor                              0x08003b1d   Thumb Code    12  semaphores.o(i.getSemaphor)
    init_table_convert                       0x08003b39   Thumb Code   110  lcd_lib.o(i.init_table_convert)
    lcdChkRowCol                             0x08003bad   Thumb Code    32  lcd_lib.o(i.lcdChkRowCol)
    lcdClear                                 0x08003bcd   Thumb Code    64  lcd_lib.o(i.lcdClear)
    lcdClrChar                               0x08003c1d   Thumb Code    70  lcd_lib.o(i.lcdClrChar)
    lcdClrChars                              0x08003c75   Thumb Code    50  lcd_lib.o(i.lcdClrChars)
    lcdGoToXY                                0x08003cad   Thumb Code   118  lcd_lib.o(i.lcdGoToXY)
    lcdSendNumInt                            0x08003d2d   Thumb Code    42  lcd_lib.o(i.lcdSendNumInt)
    lcdSendString                            0x08003d5d   Thumb Code   132  lcd_lib.o(i.lcdSendString)
    lcd_init                                 0x08004029   Thumb Code   190  lcd_lib.o(i.lcd_init)
    lcd_putbyte                              0x08004105   Thumb Code    72  lcd_lib.o(i.lcd_putbyte)
    lcd_putchar_buff                         0x08004155   Thumb Code   214  lcd_lib.o(i.lcd_putchar_buff)
    lcd_putnibble                            0x08004241   Thumb Code   126  lcd_lib.o(i.lcd_putnibble)
    lcd_set_user_gliff                       0x080042c9   Thumb Code    80  lcd_lib.o(i.lcd_set_user_gliff)
    led1_4Blink                              0x08004325   Thumb Code  1050  led_1_4_8_12_16_blinl.o(i.led1_4Blink)
    ledAllBlink                              0x08004745   Thumb Code   372  led_all_blink.o(i.ledAllBlink)
    ledDemo                                  0x080048c1   Thumb Code  3266  led_demo.o(i.ledDemo)
    ledOnAll                                 0x0800564d   Thumb Code   184  led_on_all.o(i.ledOnAll)
    ledRunBlink                              0x08005711   Thumb Code   778  led_run_blink.o(i.ledRunBlink)
    ledRuning1                               0x08005a25   Thumb Code   792  led_runing_1.o(i.ledRuning1)
    main                                     0x08005d45   Thumb Code    36  main.o(i.main)
    osDelay                                  0x08005d77   Thumb Code    24  cmsis_os.o(i.osDelay)
    osKernelStart                            0x08005d8f   Thumb Code    10  cmsis_os.o(i.osKernelStart)
    osSemaphoreCreate                        0x08005d99   Thumb Code    44  cmsis_os.o(i.osSemaphoreCreate)
    osSemaphoreGetCount                      0x08005dc5   Thumb Code    12  cmsis_os.o(i.osSemaphoreGetCount)
    osSemaphoreRelease                       0x08005dd1   Thumb Code    76  cmsis_os.o(i.osSemaphoreRelease)
    osSemaphoreWait                          0x08005e21   Thumb Code   104  cmsis_os.o(i.osSemaphoreWait)
    osSystickHandler                         0x08005e8d   Thumb Code    16  cmsis_os.o(i.osSystickHandler)
    osThreadCreate                           0x08005e9d   Thumb Code    48  cmsis_os.o(i.osThreadCreate)
    pvPortMalloc                             0x080064a5   Thumb Code   296  heap_4.o(i.pvPortMalloc)
    pvTaskIncrementMutexHeldCount            0x080065e1   Thumb Code    26  tasks.o(i.pvTaskIncrementMutexHeldCount)
    pxPortInitialiseStack                    0x08006601   Thumb Code    30  port.o(i.pxPortInitialiseStack)
    readBtns                                 0x08006921   Thumb Code    32  tsk_btns.o(i.readBtns)
    searh_free_space_glif                    0x08006a55   Thumb Code   110  lcd_lib.o(i.searh_free_space_glif)
    semInit                                  0x08006acd   Thumb Code   196  semaphores.o(i.semInit)
    setSemaphor                              0x08006e81   Thumb Code    12  semaphores.o(i.setSemaphor)
    set_buff                                 0x08006e8d   Thumb Code   134  lcd_lib.o(i.set_buff)
    set_table_convert                        0x08006f29   Thumb Code  1920  lcd_lib.o(i.set_table_convert)
    tsk_encoder                              0x080076ad   Thumb Code    98  tsk_encoder.o(i.tsk_encoder)
    tsk_led                                  0x08007725   Thumb Code   104  tsk_led.o(i.tsk_led)
    tsk_main                                 0x080077a5   Thumb Code   168  tsk_main.o(i.tsk_main)
    uxListRemove                             0x08007871   Thumb Code    40  list.o(i.uxListRemove)
    uxQueueMessagesWaiting                   0x08007899   Thumb Code    42  queue.o(i.uxQueueMessagesWaiting)
    vListInitialise                          0x080078c3   Thumb Code    26  list.o(i.vListInitialise)
    vListInitialiseItem                      0x080078dd   Thumb Code     6  list.o(i.vListInitialiseItem)
    vListInsert                              0x080078e3   Thumb Code    52  list.o(i.vListInsert)
    vListInsertEnd                           0x08007917   Thumb Code    24  list.o(i.vListInsertEnd)
    vPortEnterCritical                       0x08007931   Thumb Code    76  port.o(i.vPortEnterCritical)
    vPortExitCritical                        0x08007985   Thumb Code    56  port.o(i.vPortExitCritical)
    vPortFree                                0x080079c1   Thumb Code   140  heap_4.o(i.vPortFree)
    vPortSetupTimerInterrupt                 0x08007a55   Thumb Code    26  port.o(i.vPortSetupTimerInterrupt)
    vPortValidateInterruptPriority           0x08007a75   Thumb Code   106  port.o(i.vPortValidateInterruptPriority)
    vTaskDelay                               0x08007aed   Thumb Code    82  tasks.o(i.vTaskDelay)
    vTaskMissedYield                         0x08007b49   Thumb Code     8  tasks.o(i.vTaskMissedYield)
    vTaskPlaceOnEventList                    0x08007b55   Thumb Code    52  tasks.o(i.vTaskPlaceOnEventList)
    vTaskPriorityInherit                     0x08007b8d   Thumb Code   164  tasks.o(i.vTaskPriorityInherit)
    vTaskSetTimeOutState                     0x08007c3d   Thumb Code    38  tasks.o(i.vTaskSetTimeOutState)
    vTaskStartScheduler                      0x08007c6d   Thumb Code   108  tasks.o(i.vTaskStartScheduler)
    vTaskSuspendAll                          0x08007cf5   Thumb Code    12  tasks.o(i.vTaskSuspendAll)
    vTaskSwitchContext                       0x08007d05   Thumb Code   118  tasks.o(i.vTaskSwitchContext)
    xPortStartScheduler                      0x08007e8d   Thumb Code   140  port.o(i.xPortStartScheduler)
    xPortSysTickHandler                      0x08007f2d   Thumb Code    46  port.o(i.xPortSysTickHandler)
    xQueueGenericCreate                      0x08007f61   Thumb Code    88  queue.o(i.xQueueGenericCreate)
    xQueueGenericReceive                     0x08007fb9   Thumb Code   446  queue.o(i.xQueueGenericReceive)
    xQueueGenericReset                       0x0800817d   Thumb Code   146  queue.o(i.xQueueGenericReset)
    xQueueGenericSend                        0x08008215   Thumb Code   420  queue.o(i.xQueueGenericSend)
    xQueueGiveFromISR                        0x080083bd   Thumb Code   224  queue.o(i.xQueueGiveFromISR)
    xQueueReceiveFromISR                     0x0800849d   Thumb Code   202  queue.o(i.xQueueReceiveFromISR)
    xTaskCheckForTimeOut                     0x08008569   Thumb Code   132  tasks.o(i.xTaskCheckForTimeOut)
    xTaskCreate                              0x080085f5   Thumb Code    96  tasks.o(i.xTaskCreate)
    xTaskGetSchedulerState                   0x08008655   Thumb Code    24  tasks.o(i.xTaskGetSchedulerState)
    xTaskIncrementTick                       0x08008675   Thumb Code   282  tasks.o(i.xTaskIncrementTick)
    xTaskPriorityDisinherit                  0x080087bd   Thumb Code   188  tasks.o(i.xTaskPriorityDisinherit)
    xTaskRemoveFromEventList                 0x08008885   Thumb Code   128  tasks.o(i.xTaskRemoveFromEventList)
    xTaskResumeAll                           0x0800891d   Thumb Code   224  tasks.o(i.xTaskResumeAll)
    AHBPrescTable                            0x08008a70   Data          16  system_stm32f1xx.o(.constdata)
    APBPrescTable                            0x08008a80   Data           8  system_stm32f1xx.o(.constdata)
    Region$$Table$$Base                      0x08008ac0   Number         0  anon$$obj.o(Region$$Table)
    Region$$Table$$Limit                     0x08008ae0   Number         0  anon$$obj.o(Region$$Table)
    btnLeftStateOld                          0x20000000   Data           4  tsk_btns.o(.data)
    btnLeftStateNew                          0x20000004   Data           4  tsk_btns.o(.data)
    btnRightStateOld                         0x20000008   Data           4  tsk_btns.o(.data)
    btnRightStateNew                         0x2000000c   Data           4  tsk_btns.o(.data)
    btnDownStateOld                          0x20000010   Data           4  tsk_btns.o(.data)
    btnDownStateNew                          0x20000014   Data           4  tsk_btns.o(.data)
    btnUpStateOld                            0x20000018   Data           4  tsk_btns.o(.data)
    btnUpStateNew                            0x2000001c   Data           4  tsk_btns.o(.data)
    btnEncoderStateOld                       0x20000020   Data           4  tsk_btns.o(.data)
    btnEncoderStateNew                       0x20000024   Data           4  tsk_btns.o(.data)
    counter                                  0x20000028   Data           4  tsk_encoder.o(.data)
    direction                                0x2000002c   Data           1  tsk_encoder.o(.data)
    encoderValue                             0x20000030   Data           4  tsk_encoder.o(.data)
    oldEncodValue                            0x20000034   Data           4  tsk_encoder.o(.data)
    cntBtnUp                                 0x20000038   Data           4  tsk_main.o(.data)
    currentSpeedMs                           0x2000003c   Data           4  tsk_main.o(.data)
    currentLedMode                           0x20000040   Data           4  tsk_main.o(.data)
    encodStartValue                          0x20000044   Data           4  tsk_main.o(.data)
    encodCnt                                 0x20000048   Data           4  tsk_main.o(.data)
    encodCntOld                              0x2000004c   Data           4  tsk_main.o(.data)
    Acol                                     0x20000050   Data           1  lcd_lib.o(.data)
    Arow                                     0x20000051   Data           1  lcd_lib.o(.data)
    column                                   0x20000052   Data           1  lcd_lib.o(.data)
    ADDR_LCD                                 0x20000053   Data           1  lcd_lib.o(.data)
    DISPLAY_CONTROL                          0x20000054   Data           1  lcd_lib.o(.data)
    port_C                                   0x20000055   Data           1  lcd_lib.o(.data)
    map                                      0x20000056   Data           8  lcd_lib.o(.data)
    buf                                      0x2000005e   Data           1  lcd_lib.o(.data)
    lenColumn                                0x20000060   Data           4  lcd_lib.o(.data)
    PAGEError                                0x20000064   Data           4  flash_read_write.o(.data)
    MemoryProgramStatus                      0x20000068   Data           4  flash_read_write.o(.data)
    TskMain_Handle                           0x2000006c   Data           4  freertos.o(.data)
    TskReadBtn_Handle                        0x20000070   Data           4  freertos.o(.data)
    TskReadEncoder_Handle                    0x20000074   Data           4  freertos.o(.data)
    TskLedBlink_Handle                       0x20000078   Data           4  freertos.o(.data)
    SemBtnUpHandle                           0x2000007c   Data           4  freertos.o(.data)
    SemBtnDownHandle                         0x20000080   Data           4  freertos.o(.data)
    SemBtnLeftHandle                         0x20000084   Data           4  freertos.o(.data)
    SemBtnRightHandle                        0x20000088   Data           4  freertos.o(.data)
    SemLcdLine1Handle                        0x2000008c   Data           4  freertos.o(.data)
    SemLcdLine2Handle                        0x20000090   Data           4  freertos.o(.data)
    SemLcdLine3Handle                        0x20000094   Data           4  freertos.o(.data)
    SemLcdLine4Handle                        0x20000098   Data           4  freertos.o(.data)
    SemLcdRedrawMenuHandle                   0x2000009c   Data           4  freertos.o(.data)
    SemLcdExitMenuHandle                     0x200000a0   Data           4  freertos.o(.data)
    SemEncoderUpHandle                       0x200000a4   Data           4  freertos.o(.data)
    SemEncoderDownHandle                     0x200000a8   Data           4  freertos.o(.data)
    SemEncodBusyHandle                       0x200000ac   Data           4  freertos.o(.data)
    SemLedMode1Handle                        0x200000b0   Data           4  freertos.o(.data)
    SemLedMode2Handle                        0x200000b4   Data           4  freertos.o(.data)
    SemLedMode3Handle                        0x200000b8   Data           4  freertos.o(.data)
    SemLedMode4Handle                        0x200000bc   Data           4  freertos.o(.data)
    SemLedMode5Handle                        0x200000c0   Data           4  freertos.o(.data)
    SemLedMode6Handle                        0x200000c4   Data           4  freertos.o(.data)
    SemLedMode7Handle                        0x200000c8   Data           4  freertos.o(.data)
    SemLedMode8Handle                        0x200000cc   Data           4  freertos.o(.data)
    SemLedMode9Handle                        0x200000d0   Data           4  freertos.o(.data)
    SemLedMode10Handle                       0x200000d4   Data           4  freertos.o(.data)
    SemBtnEncodHandle                        0x200000d8   Data           4  freertos.o(.data)
    uwTick                                   0x200000dc   Data           4  stm32f1xx_hal.o(.data)
    uwTickPrio                               0x200000e0   Data           4  stm32f1xx_hal.o(.data)
    uwTickFreq                               0x200000e4   Data           1  stm32f1xx_hal.o(.data)
    SystemCoreClock                          0x200000e8   Data           4  system_stm32f1xx.o(.data)
    pxCurrentTCB                             0x20000110   Data           4  tasks.o(.data)
    table_convert                            0x2000014c   Data         477  lcd_lib.o(.bss)
    table_rus_lat                            0x20000329   Data          38  lcd_lib.o(.bss)
    buff                                     0x2000034f   Data          80  lcd_lib.o(.bss)
    buff_map                                 0x2000039f   Data          80  lcd_lib.o(.bss)
    massAddr                                 0x20000420   Data         512  flash_read_write.o(.bss)
    hi2c1                                    0x20000620   Data          84  i2c.o(.bss)
    htim1                                    0x20000674   Data          64  tim.o(.bss)
    htim4                                    0x200006b4   Data          64  tim.o(.bss)
    htim3                                    0x200006f4   Data          64  stm32f1xx_hal_timebase_tim.o(.bss)
    pFlash                                   0x20000738   Data          32  stm32f1xx_hal_flash.o(.bss)
    __initial_sp                             0x200046e0   Data           0  startup_stm32f103xb.o(STACK)



==============================================================================

Memory Map of the image

  Image Entry point : 0x080000ed

  Load Region LR_IROM1 (Base: 0x08000000, Size: 0x00008c2c, Max: 0x00010000, ABSOLUTE, COMPRESSED[0x00008af4])

    Execution Region ER_IROM1 (Base: 0x08000000, Size: 0x00008ae0, Max: 0x00010000, ABSOLUTE)

    Base Addr    Size         Type   Attr      Idx    E Section Name        Object

    0x08000000   0x000000ec   Data   RO            3    RESET               startup_stm32f103xb.o
    0x080000ec   0x00000000   Code   RO         4643  * .ARM.Collect$$$$00000000  mc_w.l(entry.o)
    0x080000ec   0x00000004   Code   RO         4919    .ARM.Collect$$$$00000001  mc_w.l(entry2.o)
    0x080000f0   0x00000004   Code   RO         4922    .ARM.Collect$$$$00000004  mc_w.l(entry5.o)
    0x080000f4   0x00000000   Code   RO         4924    .ARM.Collect$$$$00000008  mc_w.l(entry7b.o)
    0x080000f4   0x00000000   Code   RO         4926    .ARM.Collect$$$$0000000A  mc_w.l(entry8b.o)
    0x080000f4   0x00000008   Code   RO         4927    .ARM.Collect$$$$0000000B  mc_w.l(entry9a.o)
    0x080000fc   0x00000000   Code   RO         4929    .ARM.Collect$$$$0000000D  mc_w.l(entry10a.o)
    0x080000fc   0x00000000   Code   RO         4931    .ARM.Collect$$$$0000000F  mc_w.l(entry11a.o)
    0x080000fc   0x00000004   Code   RO         4920    .ARM.Collect$$$$00002712  mc_w.l(entry2.o)
    0x08000100   0x00000096   Code   RO         3620    .emb_text           port.o
    0x08000196   0x00000002   PAD
    0x08000198   0x00000024   Code   RO            4    .text               startup_stm32f103xb.o
    0x080001bc   0x00000020   Code   RO         4646    .text               mc_w.l(llushr.o)
    0x080001dc   0x00000024   Code   RO         4648    .text               mc_w.l(memcpya.o)
    0x08000200   0x00000024   Code   RO         4650    .text               mc_w.l(memseta.o)
    0x08000224   0x0000002c   Code   RO         4936    .text               mc_w.l(uidiv.o)
    0x08000250   0x00000062   Code   RO         4938    .text               mc_w.l(uldiv.o)
    0x080002b2   0x00000000   Code   RO         4940    .text               mc_w.l(iusefp.o)
    0x080002b2   0x0000014e   Code   RO         4941    .text               mf_w.l(dadd.o)
    0x08000400   0x000000e4   Code   RO         4943    .text               mf_w.l(dmul.o)
    0x080004e4   0x000000de   Code   RO         4945    .text               mf_w.l(ddiv.o)
    0x080005c2   0x00000030   Code   RO         4947    .text               mf_w.l(dfixul.o)
    0x080005f2   0x00000002   PAD
    0x080005f4   0x00000030   Code   RO         4949    .text               mf_w.l(cdrcmple.o)
    0x08000624   0x00000024   Code   RO         4951    .text               mc_w.l(init.o)
    0x08000648   0x0000001e   Code   RO         4954    .text               mc_w.l(llshl.o)
    0x08000666   0x00000024   Code   RO         4956    .text               mc_w.l(llsshr.o)
    0x0800068a   0x000000ba   Code   RO         4959    .text               mf_w.l(depilogue.o)
    0x08000744   0x0000003a   Code   RO         4969    .text               mc_w.l(__dczerorl.o)
    0x0800077e   0x00000004   Code   RO         1120    i.BusFault_Handler  stm32f1xx_it.o
    0x08000782   0x00000002   Code   RO         1121    i.DebugMon_Handler  stm32f1xx_it.o
    0x08000784   0x00000028   Code   RO         3410    i.FLASH_MassErase   stm32f1xx_hal_flash_ex.o
    0x080007ac   0x00000028   Code   RO         3419    i.FLASH_PageErase   stm32f1xx_hal_flash_ex.o
    0x080007d4   0x00000020   Code   RO         3307    i.FLASH_Program_HalfWord  stm32f1xx_hal_flash.o
    0x080007f4   0x00000084   Code   RO         3308    i.FLASH_SetErrorCode  stm32f1xx_hal_flash.o
    0x08000878   0x00000070   Code   RO         3309    i.FLASH_WaitForLastOperation  stm32f1xx_hal_flash.o
    0x080008e8   0x00000028   Code   RO         2604    i.HAL_Delay         stm32f1xx_hal.o
    0x08000910   0x000000b0   Code   RO         3420    i.HAL_FLASHEx_Erase  stm32f1xx_hal_flash_ex.o
    0x080009c0   0x00000014   Code   RO         3313    i.HAL_FLASH_Lock    stm32f1xx_hal_flash.o
    0x080009d4   0x000000b0   Code   RO         3318    i.HAL_FLASH_Program  stm32f1xx_hal_flash.o
    0x08000a84   0x00000030   Code   RO         3320    i.HAL_FLASH_Unlock  stm32f1xx_hal_flash.o
    0x08000ab4   0x0000031c   Code   RO         2902    i.HAL_GPIO_Init     stm32f1xx_hal_gpio.o
    0x08000dd0   0x00000010   Code   RO         2904    i.HAL_GPIO_ReadPin  stm32f1xx_hal_gpio.o
    0x08000de0   0x0000000c   Code   RO         2906    i.HAL_GPIO_WritePin  stm32f1xx_hal_gpio.o
    0x08000dec   0x0000000c   Code   RO         2608    i.HAL_GetTick       stm32f1xx_hal.o
    0x08000df8   0x0000017c   Code   RO         1301    i.HAL_I2C_Init      stm32f1xx_hal_i2c.o
    0x08000f74   0x00000194   Code   RO         1312    i.HAL_I2C_Master_Transmit  stm32f1xx_hal_i2c.o
    0x08001108   0x00000050   Code   RO         1013    i.HAL_I2C_MspInit   i2c.o
    0x08001158   0x00000018   Code   RO         2612    i.HAL_IncTick       stm32f1xx_hal.o
    0x08001170   0x00000028   Code   RO         2613    i.HAL_Init          stm32f1xx_hal.o
    0x08001198   0x00000088   Code   RO         1214    i.HAL_InitTick      stm32f1xx_hal_timebase_tim.o
    0x08001220   0x000000a8   Code   RO         1190    i.HAL_MspInit       stm32f1xx_hal_msp.o
    0x080012c8   0x0000001a   Code   RO         3062    i.HAL_NVIC_EnableIRQ  stm32f1xx_hal_cortex.o
    0x080012e2   0x0000007c   Code   RO         3068    i.HAL_NVIC_SetPriority  stm32f1xx_hal_cortex.o
    0x0800135e   0x00000002   PAD
    0x08001360   0x00000028   Code   RO         3069    i.HAL_NVIC_SetPriorityGrouping  stm32f1xx_hal_cortex.o
    0x08001388   0x000001a4   Code   RO         2757    i.HAL_RCC_ClockConfig  stm32f1xx_hal_rcc.o
    0x0800152c   0x00000044   Code   RO         2761    i.HAL_RCC_GetClockConfig  stm32f1xx_hal_rcc.o
    0x08001570   0x0000000c   Code   RO         2762    i.HAL_RCC_GetHCLKFreq  stm32f1xx_hal_rcc.o
    0x0800157c   0x00000020   Code   RO         2764    i.HAL_RCC_GetPCLK1Freq  stm32f1xx_hal_rcc.o
    0x0800159c   0x00000094   Code   RO         2766    i.HAL_RCC_GetSysClockFreq  stm32f1xx_hal_rcc.o
    0x08001630   0x00000440   Code   RO         2769    i.HAL_RCC_OscConfig  stm32f1xx_hal_rcc.o
    0x08001a70   0x00000028   Code   RO         3071    i.HAL_SYSTICK_CLKSourceConfig  stm32f1xx_hal_cortex.o
    0x08001a98   0x00000034   Code   RO         3073    i.HAL_SYSTICK_Config  stm32f1xx_hal_cortex.o
    0x08001acc   0x00000002   Code   RO         2364    i.HAL_TIMEx_BreakCallback  stm32f1xx_hal_tim_ex.o
    0x08001ace   0x00000002   Code   RO         2365    i.HAL_TIMEx_CommutationCallback  stm32f1xx_hal_tim_ex.o
    0x08001ad0   0x00000062   Code   RO         2381    i.HAL_TIMEx_MasterConfigSynchronization  stm32f1xx_hal_tim_ex.o
    0x08001b32   0x00000034   Code   RO         1725    i.HAL_TIM_Base_Init  stm32f1xx_hal_tim.o
    0x08001b66   0x00000002   Code   RO         1727    i.HAL_TIM_Base_MspInit  stm32f1xx_hal_tim.o
    0x08001b68   0x0000001e   Code   RO         1730    i.HAL_TIM_Base_Start_IT  stm32f1xx_hal_tim.o
    0x08001b86   0x000000b4   Code   RO         1743    i.HAL_TIM_Encoder_Init  stm32f1xx_hal_tim.o
    0x08001c3a   0x00000002   PAD
    0x08001c3c   0x00000050   Code   RO         1055    i.HAL_TIM_Encoder_MspInit  tim.o
    0x08001c8c   0x0000007e   Code   RO         1748    i.HAL_TIM_Encoder_Start_IT  stm32f1xx_hal_tim.o
    0x08001d0a   0x00000002   Code   RO         1754    i.HAL_TIM_IC_CaptureCallback  stm32f1xx_hal_tim.o
    0x08001d0c   0x00000196   Code   RO         1767    i.HAL_TIM_IRQHandler  stm32f1xx_hal_tim.o
    0x08001ea2   0x00000002   PAD
    0x08001ea4   0x00000028   Code   RO         1056    i.HAL_TIM_MspPostInit  tim.o
    0x08001ecc   0x00000002   Code   RO         1770    i.HAL_TIM_OC_DelayElapsedCallback  stm32f1xx_hal_tim.o
    0x08001ece   0x00000108   Code   RO         1791    i.HAL_TIM_PWM_ConfigChannel  stm32f1xx_hal_tim.o
    0x08001fd6   0x00000034   Code   RO         1794    i.HAL_TIM_PWM_Init  stm32f1xx_hal_tim.o
    0x0800200a   0x00000002   PAD
    0x0800200c   0x00000030   Code   RO         1058    i.HAL_TIM_PWM_MspInit  tim.o
    0x0800203c   0x00000002   Code   RO         1797    i.HAL_TIM_PWM_PulseFinishedCallback  stm32f1xx_hal_tim.o
    0x0800203e   0x00000002   PAD
    0x08002040   0x00000040   Code   RO         1798    i.HAL_TIM_PWM_Start  stm32f1xx_hal_tim.o
    0x08002080   0x00000018   Code   RO          895    i.HAL_TIM_PeriodElapsedCallback  main.o
    0x08002098   0x00000002   Code   RO         1808    i.HAL_TIM_TriggerCallback  stm32f1xx_hal_tim.o
    0x0800209a   0x00000004   Code   RO         1122    i.HardFault_Handler  stm32f1xx_it.o
    0x0800209e   0x00000034   Code   RO         1339    i.I2C_IsAcknowledgeFailed  stm32f1xx_hal_i2c.o
    0x080020d2   0x00000002   PAD
    0x080020d4   0x000000c0   Code   RO         1343    i.I2C_MasterRequestWrite  stm32f1xx_hal_i2c.o
    0x08002194   0x00000056   Code   RO         1358    i.I2C_WaitOnBTFFlagUntilTimeout  stm32f1xx_hal_i2c.o
    0x080021ea   0x0000007c   Code   RO         1359    i.I2C_WaitOnFlagUntilTimeout  stm32f1xx_hal_i2c.o
    0x08002266   0x000000ac   Code   RO         1360    i.I2C_WaitOnMasterAddressFlagUntilTimeout  stm32f1xx_hal_i2c.o
    0x08002312   0x00000056   Code   RO         1363    i.I2C_WaitOnTXEFlagUntilTimeout  stm32f1xx_hal_i2c.o
    0x08002368   0x0000002c   Code   RO          448    i.I2C_send_byte_LCD  lcd_lib.o
    0x08002394   0x0000025c   Code   RO          965    i.MX_FREERTOS_Init  freertos.o
    0x080025f0   0x000000d4   Code   RO          944    i.MX_GPIO_Init      gpio.o
    0x080026c4   0x00000050   Code   RO         1014    i.MX_I2C1_Init      i2c.o
    0x08002714   0x0000008c   Code   RO         1059    i.MX_TIM1_Init      tim.o
    0x080027a0   0x00000088   Code   RO         1060    i.MX_TIM4_Init      tim.o
    0x08002828   0x00000004   Code   RO         1123    i.MemManage_Handler  stm32f1xx_it.o
    0x0800282c   0x00000002   Code   RO         1124    i.NMI_Handler       stm32f1xx_it.o
    0x0800282e   0x00000002   PAD
    0x08002830   0x00000010   Code   RO         3075    i.NVIC_GetPriorityGrouping  stm32f1xx_hal_cortex.o
    0x08002840   0x00000028   Code   RO         3076    i.NVIC_SetPriority  stm32f1xx_hal_cortex.o
    0x08002868   0x00000028   Code   RO         2770    i.RCC_Delay         stm32f1xx_hal_rcc.o
    0x08002890   0x00000008   Code   RO         1125    i.SysTick_Handler   stm32f1xx_it.o
    0x08002898   0x0000008c   Code   RO          896    i.SystemClock_Config  main.o
    0x08002924   0x00000058   Code   RO         3517    i.SystemInit        system_stm32f1xx.o
    0x0800297c   0x00000010   Code   RO         1126    i.TIM3_IRQHandler   stm32f1xx_it.o
    0x0800298c   0x00000074   Code   RO         1809    i.TIM_Base_SetConfig  stm32f1xx_hal_tim.o
    0x08002a00   0x0000001c   Code   RO         1810    i.TIM_CCxChannelCmd  stm32f1xx_hal_tim.o
    0x08002a1c   0x00000064   Code   RO         1818    i.TIM_OC1_SetConfig  stm32f1xx_hal_tim.o
    0x08002a80   0x00000070   Code   RO         1819    i.TIM_OC2_SetConfig  stm32f1xx_hal_tim.o
    0x08002af0   0x0000006c   Code   RO         1820    i.TIM_OC3_SetConfig  stm32f1xx_hal_tim.o
    0x08002b5c   0x00000050   Code   RO         1821    i.TIM_OC4_SetConfig  stm32f1xx_hal_tim.o
    0x08002bac   0x00000008   Code   RO          966    i.TskLedBlink       freertos.o
    0x08002bb4   0x00000008   Code   RO          967    i.TskMain           freertos.o
    0x08002bbc   0x00000008   Code   RO          968    i.TskReadBtn        freertos.o
    0x08002bc4   0x00000008   Code   RO          969    i.TskReadEncoder    freertos.o
    0x08002bcc   0x00000004   Code   RO         1127    i.UsageFault_Handler  stm32f1xx_it.o
    0x08002bd0   0x00000004   Code   RO          897    i._Error_Handler    main.o
    0x08002bd4   0x00000028   Code   RO         4891    i.__0sprintf        mc_w.l(printfa.o)
    0x08002bfc   0x0000000e   Code   RO         4963    i.__scatterload_copy  mc_w.l(handlers.o)
    0x08002c0a   0x00000002   Code   RO         4964    i.__scatterload_null  mc_w.l(handlers.o)
    0x08002c0c   0x0000000e   Code   RO         4965    i.__scatterload_zeroinit  mc_w.l(handlers.o)
    0x08002c1a   0x00000002   PAD
    0x08002c1c   0x00000184   Code   RO         4896    i._fp_digits        mc_w.l(printfa.o)
    0x08002da0   0x000006dc   Code   RO         4897    i._printf_core      mc_w.l(printfa.o)
    0x0800347c   0x00000024   Code   RO         4898    i._printf_post_padding  mc_w.l(printfa.o)
    0x080034a0   0x0000002e   Code   RO         4899    i._printf_pre_padding  mc_w.l(printfa.o)
    0x080034ce   0x0000000a   Code   RO         4901    i._sputc            mc_w.l(printfa.o)
    0x080034d8   0x00000054   Code   RO          335    i.btnDownMain       tsk_main.o
    0x0800352c   0x0000007c   Code   RO          336    i.btnEncodMain      tsk_main.o
    0x080035a8   0x00000038   Code   RO          337    i.btnLeftMain       tsk_main.o
    0x080035e0   0x00000038   Code   RO          338    i.btnRightMain      tsk_main.o
    0x08003618   0x0000004c   Code   RO          339    i.btnUpMain         tsk_main.o
    0x08003664   0x00000078   Code   RO          831    i.calculatePage     flash_read_write.o
    0x080036dc   0x000000a8   Code   RO          832    i.checkWriteData    flash_read_write.o
    0x08003784   0x0000000e   Code   RO           10    i.clrSemaphor       semaphores.o
    0x08003792   0x00000016   Code   RO          246    i.convertRange      tsk_encoder.o
    0x080037a8   0x00000016   Code   RO          340    i.convertRange      tsk_main.o
    0x080037be   0x00000002   PAD
    0x080037c0   0x00000050   Code   RO          449    i.convert_to_rus    lcd_lib.o
    0x08003810   0x0000002c   Code   RO          627    i.delayWithSemaphor  led_run_blink.o
    0x0800383c   0x0000002c   Code   RO          710    i.delayWithSemaphor  led_all_blink.o
    0x08003868   0x0000002c   Code   RO          739    i.delayWithSemaphor  led_1_4_8_12_16_blinl.o
    0x08003894   0x0000002c   Code   RO          768    i.delayWithSemaphor  led_runing_1.o
    0x080038c0   0x0000002c   Code   RO          797    i.delayWithSemaphor  led_demo.o
    0x080038ec   0x00000030   Code   RO          450    i.delay_us          lcd_lib.o
    0x0800391c   0x0000001c   Code   RO          247    i.encodClr          tsk_encoder.o
    0x08003938   0x00000038   Code   RO          248    i.encodGetValue     tsk_encoder.o
    0x08003970   0x00000020   Code   RO          249    i.encodSetHalfCnt   tsk_encoder.o
    0x08003990   0x00000034   Code   RO          250    i.encodSetValue     tsk_encoder.o
    0x080039c4   0x00000028   Code   RO          833    i.fillAddrMass      flash_read_write.o
    0x080039ec   0x00000058   Code   RO          834    i.flashErasePages   flash_read_write.o
    0x08003a44   0x00000010   Code   RO          835    i.flashRead         flash_read_write.o
    0x08003a54   0x00000020   Code   RO          836    i.flashWrite        flash_read_write.o
    0x08003a74   0x0000009c   Code   RO          837    i.flashWriteData    flash_read_write.o
    0x08003b10   0x0000000c   Code   RO          341    i.getLedSpeed       tsk_main.o
    0x08003b1c   0x0000000c   Code   RO           11    i.getSemaphor       semaphores.o
    0x08003b28   0x00000010   Code   RO         4271    i.inHandlerMode     cmsis_os.o
    0x08003b38   0x00000074   Code   RO          451    i.init_table_convert  lcd_lib.o
    0x08003bac   0x00000020   Code   RO          453    i.lcdChkRowCol      lcd_lib.o
    0x08003bcc   0x00000050   Code   RO          454    i.lcdClear          lcd_lib.o
    0x08003c1c   0x00000058   Code   RO          455    i.lcdClrChar        lcd_lib.o
    0x08003c74   0x00000038   Code   RO          456    i.lcdClrChars       lcd_lib.o
    0x08003cac   0x00000080   Code   RO          457    i.lcdGoToXY         lcd_lib.o
    0x08003d2c   0x00000030   Code   RO          460    i.lcdSendNumInt     lcd_lib.o
    0x08003d5c   0x0000008c   Code   RO          461    i.lcdSendString     lcd_lib.o
    0x08003de8   0x00000040   Code   RO          342    i.lcdShowEncodCnt   tsk_main.o
    0x08003e28   0x00000200   Code   RO          343    i.lcdWriteMode      tsk_main.o
    0x08004028   0x000000dc   Code   RO          463    i.lcd_init          lcd_lib.o
    0x08004104   0x00000050   Code   RO          466    i.lcd_putbyte       lcd_lib.o
    0x08004154   0x000000ec   Code   RO          467    i.lcd_putchar_buff  lcd_lib.o
    0x08004240   0x00000088   Code   RO          468    i.lcd_putnibble     lcd_lib.o
    0x080042c8   0x0000005c   Code   RO          469    i.lcd_set_user_gliff  lcd_lib.o
    0x08004324   0x00000420   Code   RO          740    i.led1_4Blink       led_1_4_8_12_16_blinl.o
    0x08004744   0x0000017c   Code   RO          711    i.ledAllBlink       led_all_blink.o
    0x080048c0   0x00000ccc   Code   RO          798    i.ledDemo           led_demo.o
    0x0800558c   0x000000c0   Code   RO          799    i.ledOffAll         led_demo.o
    0x0800564c   0x000000c4   Code   RO          686    i.ledOnAll          led_on_all.o
    0x08005710   0x00000314   Code   RO          628    i.ledRunBlink       led_run_blink.o
    0x08005a24   0x00000320   Code   RO          769    i.ledRuning1        led_runing_1.o
    0x08005d44   0x00000024   Code   RO          898    i.main              main.o
    0x08005d68   0x0000000e   Code   RO         4273    i.makeFreeRtosPriority  cmsis_os.o
    0x08005d76   0x00000018   Code   RO         4275    i.osDelay           cmsis_os.o
    0x08005d8e   0x0000000a   Code   RO         4278    i.osKernelStart     cmsis_os.o
    0x08005d98   0x0000002c   Code   RO         4304    i.osSemaphoreCreate  cmsis_os.o
    0x08005dc4   0x0000000c   Code   RO         4306    i.osSemaphoreGetCount  cmsis_os.o
    0x08005dd0   0x00000050   Code   RO         4307    i.osSemaphoreRelease  cmsis_os.o
    0x08005e20   0x0000006c   Code   RO         4308    i.osSemaphoreWait   cmsis_os.o
    0x08005e8c   0x00000010   Code   RO         4311    i.osSystickHandler  cmsis_os.o
    0x08005e9c   0x00000030   Code   RO         4312    i.osThreadCreate    cmsis_os.o
    0x08005ecc   0x00000098   Code   RO         3978    i.prvAddCurrentTaskToDelayedList  tasks.o
    0x08005f64   0x000000b4   Code   RO         3979    i.prvAddNewTaskToReadyList  tasks.o
    0x08006018   0x00000064   Code   RO         3980    i.prvCheckTasksWaitingTermination  tasks.o
    0x0800607c   0x0000002a   Code   RO         3823    i.prvCopyDataFromQueue  queue.o
    0x080060a6   0x0000007c   Code   RO         3824    i.prvCopyDataToQueue  queue.o
    0x08006122   0x00000012   Code   RO         3981    i.prvDeleteTCB      tasks.o
    0x08006134   0x0000007c   Code   RO         3550    i.prvHeapInit       heap_4.o
    0x080061b0   0x00000028   Code   RO         3982    i.prvIdleTask       tasks.o
    0x080061d8   0x00000026   Code   RO         3826    i.prvInitialiseNewQueue  queue.o
    0x080061fe   0x000000aa   Code   RO         3983    i.prvInitialiseNewTask  tasks.o
    0x080062a8   0x00000068   Code   RO         3984    i.prvInitialiseTaskLists  tasks.o
    0x08006310   0x00000068   Code   RO         3551    i.prvInsertBlockIntoFreeList  heap_4.o
    0x08006378   0x0000001a   Code   RO         3827    i.prvIsQueueEmpty   queue.o
    0x08006392   0x0000001e   Code   RO         3828    i.prvIsQueueFull    queue.o
    0x080063b0   0x00000034   Code   RO         3985    i.prvResetNextTaskUnblockTime  tasks.o
    0x080063e4   0x00000040   Code   RO         3621    i.prvTaskExitError  port.o
    0x08006424   0x0000007e   Code   RO         3829    i.prvUnlockQueue    queue.o
    0x080064a2   0x00000002   PAD
    0x080064a4   0x0000013c   Code   RO         3552    i.pvPortMalloc      heap_4.o
    0x080065e0   0x00000020   Code   RO         3987    i.pvTaskIncrementMutexHeldCount  tasks.o
    0x08006600   0x00000024   Code   RO         3622    i.pxPortInitialiseStack  port.o
    0x08006624   0x00000098   Code   RO          100    i.readBtnDown       tsk_btns.o
    0x080066bc   0x0000009c   Code   RO          101    i.readBtnEncoder    tsk_btns.o
    0x08006758   0x00000098   Code   RO          102    i.readBtnLeft       tsk_btns.o
    0x080067f0   0x00000098   Code   RO          103    i.readBtnRight      tsk_btns.o
    0x08006888   0x00000098   Code   RO          104    i.readBtnUp         tsk_btns.o
    0x08006920   0x00000020   Code   RO          105    i.readBtns          tsk_btns.o
    0x08006940   0x000000ac   Code   RO          344    i.readSettings      tsk_main.o
    0x080069ec   0x00000068   Code   RO          251    i.searchRotation    tsk_encoder.o
    0x08006a54   0x00000078   Code   RO          470    i.searh_free_space_glif  lcd_lib.o
    0x08006acc   0x00000124   Code   RO           12    i.semInit           semaphores.o
    0x08006bf0   0x00000034   Code   RO          252    i.setCounterLimits  tsk_encoder.o
    0x08006c24   0x00000238   Code   RO          345    i.setLedMode        tsk_main.o
    0x08006e5c   0x00000024   Code   RO          346    i.setLedPower       tsk_main.o
    0x08006e80   0x0000000c   Code   RO           13    i.setSemaphor       semaphores.o
    0x08006e8c   0x0000009c   Code   RO          471    i.set_buff          lcd_lib.o
    0x08006f28   0x00000784   Code   RO          472    i.set_table_convert  lcd_lib.o
    0x080076ac   0x00000078   Code   RO          253    i.tsk_encoder       tsk_encoder.o
    0x08007724   0x00000080   Code   RO          653    i.tsk_led           tsk_led.o
    0x080077a4   0x000000cc   Code   RO          347    i.tsk_main          tsk_main.o
    0x08007870   0x00000028   Code   RO         3786    i.uxListRemove      list.o
    0x08007898   0x0000002a   Code   RO         3830    i.uxQueueMessagesWaiting  queue.o
    0x080078c2   0x0000001a   Code   RO         3787    i.vListInitialise   list.o
    0x080078dc   0x00000006   Code   RO         3788    i.vListInitialiseItem  list.o
    0x080078e2   0x00000034   Code   RO         3789    i.vListInsert       list.o
    0x08007916   0x00000018   Code   RO         3790    i.vListInsertEnd    list.o
    0x0800792e   0x00000002   PAD
    0x08007930   0x00000054   Code   RO         3624    i.vPortEnterCritical  port.o
    0x08007984   0x0000003c   Code   RO         3625    i.vPortExitCritical  port.o
    0x080079c0   0x00000094   Code   RO         3553    i.vPortFree         heap_4.o
    0x08007a54   0x00000020   Code   RO         3626    i.vPortSetupTimerInterrupt  port.o
    0x08007a74   0x00000078   Code   RO         3627    i.vPortValidateInterruptPriority  port.o
    0x08007aec   0x0000005c   Code   RO         3993    i.vTaskDelay        tasks.o
    0x08007b48   0x0000000c   Code   RO         3996    i.vTaskMissedYield  tasks.o
    0x08007b54   0x00000038   Code   RO         3998    i.vTaskPlaceOnEventList  tasks.o
    0x08007b8c   0x000000b0   Code   RO         4000    i.vTaskPriorityInherit  tasks.o
    0x08007c3c   0x00000030   Code   RO         4003    i.vTaskSetTimeOutState  tasks.o
    0x08007c6c   0x00000088   Code   RO         4004    i.vTaskStartScheduler  tasks.o
    0x08007cf4   0x00000010   Code   RO         4006    i.vTaskSuspendAll   tasks.o
    0x08007d04   0x0000008c   Code   RO         4007    i.vTaskSwitchContext  tasks.o
    0x08007d90   0x0000001c   Code   RO          254    i.waitEncod         tsk_encoder.o
    0x08007dac   0x000000a2   Code   RO          838    i.writeOldEndNewDataInPage  flash_read_write.o
    0x08007e4e   0x00000002   PAD
    0x08007e50   0x0000003c   Code   RO          348    i.writeSettings     tsk_main.o
    0x08007e8c   0x000000a0   Code   RO         3628    i.xPortStartScheduler  port.o
    0x08007f2c   0x00000034   Code   RO         3629    i.xPortSysTickHandler  port.o
    0x08007f60   0x00000058   Code   RO         3837    i.xQueueGenericCreate  queue.o
    0x08007fb8   0x000001c4   Code   RO         3838    i.xQueueGenericReceive  queue.o
    0x0800817c   0x00000098   Code   RO         3839    i.xQueueGenericReset  queue.o
    0x08008214   0x000001a8   Code   RO         3840    i.xQueueGenericSend  queue.o
    0x080083bc   0x000000e0   Code   RO         3842    i.xQueueGiveFromISR  queue.o
    0x0800849c   0x000000ca   Code   RO         3846    i.xQueueReceiveFromISR  queue.o
    0x08008566   0x00000002   PAD
    0x08008568   0x0000008c   Code   RO         4008    i.xTaskCheckForTimeOut  tasks.o
    0x080085f4   0x00000060   Code   RO         4009    i.xTaskCreate       tasks.o
    0x08008654   0x00000020   Code   RO         4013    i.xTaskGetSchedulerState  tasks.o
    0x08008674   0x00000148   Code   RO         4016    i.xTaskIncrementTick  tasks.o
    0x080087bc   0x000000c8   Code   RO         4019    i.xTaskPriorityDisinherit  tasks.o
    0x08008884   0x00000098   Code   RO         4020    i.xTaskRemoveFromEventList  tasks.o
    0x0800891c   0x00000104   Code   RO         4022    i.xTaskResumeAll    tasks.o
    0x08008a20   0x00000050   Data   RO          970    .constdata          freertos.o
    0x08008a70   0x00000018   Data   RO         3518    .constdata          system_stm32f1xx.o
    0x08008a88   0x00000038   Data   RO          971    .conststring        freertos.o
    0x08008ac0   0x00000020   Data   RO         4961    Region$$Table       anon$$obj.o


    Execution Region RW_IRAM1 (Base: 0x20000000, Size: 0x000046e0, Max: 0x00005000, ABSOLUTE, COMPRESSED[0x00000014])

    Base Addr    Size         Type   Attr      Idx    E Section Name        Object

    0x20000000   0x00000028   Data   RW          106    .data               tsk_btns.o
    0x20000028   0x00000010   Data   RW          255    .data               tsk_encoder.o
    0x20000038   0x00000018   Data   RW          349    .data               tsk_main.o
    0x20000050   0x00000014   Data   RW          474    .data               lcd_lib.o
    0x20000064   0x00000008   Data   RW          840    .data               flash_read_write.o
    0x2000006c   0x00000070   Data   RW          972    .data               freertos.o
    0x200000dc   0x00000009   Data   RW         2620    .data               stm32f1xx_hal.o
    0x200000e5   0x00000003   PAD
    0x200000e8   0x00000004   Data   RW         3519    .data               system_stm32f1xx.o
    0x200000ec   0x00000018   Data   RW         3558    .data               heap_4.o
    0x20000104   0x0000000c   Data   RW         3630    .data               port.o
    0x20000110   0x0000003c   Data   RW         4025    .data               tasks.o
    0x2000014c   0x000002c4   Zero   RW          473    .bss                lcd_lib.o
    0x20000410   0x00000210   Zero   RW          839    .bss                flash_read_write.o
    0x20000620   0x00000054   Zero   RW         1015    .bss                i2c.o
    0x20000674   0x00000080   Zero   RW         1061    .bss                tim.o
    0x200006f4   0x00000040   Zero   RW         1217    .bss                stm32f1xx_hal_timebase_tim.o
    0x20000734   0x00000004   PAD
    0x20000738   0x00000020   Zero   RW         3321    .bss                stm32f1xx_hal_flash.o
    0x20000758   0x00003a98   Zero   RW         3557    .bss                heap_4.o
    0x200041f0   0x000000f0   Zero   RW         4024    .bss                tasks.o
    0x200042e0   0x00000400   Zero   RW            1    STACK               startup_stm32f103xb.o


==============================================================================

Image component sizes


      Code (inc. data)   RO Data    RW Data    ZI Data      Debug   Object Name

       372          8          0          0          0      17843   cmsis_os.o
         0          0          0          0          0       8064   event_groups.o
       782         28          0          8        528       6886   flash_read_write.o
       636        118        136        112          0       9186   freertos.o
       212         12          0          0          0        903   gpio.o
       692         62          0         24      15000       8639   heap_4.o
       160         42          0          0         84       1497   i2c.o
      3824        216          0         20        708      13382   lcd_lib.o
      1100         22          0          0          0       1614   led_1_4_8_12_16_blinl.o
       424         14          0          0          0       1162   led_all_blink.o
      3512         54          0          0          0       3334   led_demo.o
       196         12          0          0          0        495   led_on_all.o
       832         16          0          0          0       1426   led_run_blink.o
       844         14          0          0          0       1433   led_runing_1.o
       148          0          0          0          0       3350   list.o
       204         24          0          0          0       2417   main.o
       758         80          0         12          0      10985   port.o
      1970         16          0          0          0      14290   queue.o
       330         96          0          0          0      27052   semaphores.o
        36          8        236          0       1024        792   startup_stm32f103xb.o
       116         24          0          9          0       3130   stm32f1xx_hal.o
       338         22          0          0          0      26709   stm32f1xx_hal_cortex.o
       520         48          0          0         32       4090   stm32f1xx_hal_flash.o
       256         26          0          0          0       2511   stm32f1xx_hal_flash_ex.o
       824         32          0          0          0       3255   stm32f1xx_hal_gpio.o
      1496         32          0          0          0       7605   stm32f1xx_hal_i2c.o
       168         10          0          0          0        918   stm32f1xx_hal_msp.o
      1808        108          0          0          0       5922   stm32f1xx_hal_rcc.o
      1728         38          0          0          0      13007   stm32f1xx_hal_tim.o
       102          0          0          0          0       2210   stm32f1xx_hal_tim_ex.o
       136         18          0          0         64       1456   stm32f1xx_hal_timebase_tim.o
        44          6          0          0          0       3349   stm32f1xx_it.o
        88         18         24          4          0       1127   system_stm32f1xx.o
      2732        358          0         60        240      21535   tasks.o
       444         78          0          0        128       3266   tim.o
       796         80          0         40          0     436753   tsk_btns.o
       494         92          0         16          0       4514   tsk_encoder.o
       128         24          0          0          0        470   tsk_led.o
      2046        366          0         24          0       8383   tsk_main.o

    ----------------------------------------------------------------------
     31322       2222        428        332      17812     684960   Object Totals
         0          0         32          0          0          0   (incl. Generated)
        26          0          0          3          4          0   (incl. Padding)

    ----------------------------------------------------------------------

      Code (inc. data)   RO Data    RW Data    ZI Data      Debug   Library Member Name

        58          0          0          0          0          0   __dczerorl.o
         0          0          0          0          0          0   entry.o
         0          0          0          0          0          0   entry10a.o
         0          0          0          0          0          0   entry11a.o
         8          4          0          0          0          0   entry2.o
         4          0          0          0          0          0   entry5.o
         0          0          0          0          0          0   entry7b.o
         0          0          0          0          0          0   entry8b.o
         8          4          0          0          0          0   entry9a.o
        30          0          0          0          0          0   handlers.o
        36          8          0          0          0         68   init.o
         0          0          0          0          0          0   iusefp.o
        30          0          0          0          0         68   llshl.o
        36          0          0          0          0         68   llsshr.o
        32          0          0          0          0         68   llushr.o
        36          0          0          0          0         68   memcpya.o
        36          0          0          0          0        108   memseta.o
      2276         86          0          0          0        520   printfa.o
        44          0          0          0          0         80   uidiv.o
        98          0          0          0          0         92   uldiv.o
        48          0          0          0          0         68   cdrcmple.o
       334          0          0          0          0        148   dadd.o
       222          0          0          0          0        100   ddiv.o
       186          0          0          0          0        176   depilogue.o
        48          0          0          0          0         68   dfixul.o
       228          0          0          0          0         96   dmul.o

    ----------------------------------------------------------------------
      3802        102          0          0          0       1796   Library Totals
         4          0          0          0          0          0   (incl. Padding)

    ----------------------------------------------------------------------

      Code (inc. data)   RO Data    RW Data    ZI Data      Debug   Library Name

      2732        102          0          0          0       1140   mc_w.l
      1066          0          0          0          0        656   mf_w.l

    ----------------------------------------------------------------------
      3802        102          0          0          0       1796   Library Totals

    ----------------------------------------------------------------------

==============================================================================


      Code (inc. data)   RO Data    RW Data    ZI Data      Debug   

     35124       2324        428        332      17812     674560   Grand Totals
     35124       2324        428         20      17812     674560   ELF Image Totals (compressed)
     35124       2324        428         20          0          0   ROM Totals

==============================================================================

    Total RO  Size (Code + RO Data)                35552 (  34.72kB)
    Total RW  Size (RW Data + ZI Data)             18144 (  17.72kB)
    Total ROM Size (Code + RO Data + RW Data)      35572 (  34.74kB)

==============================================================================

